Nothing to build in platform 'tangerineZ7_20_wrapper'

23:22:07 **** Incremental Build of configuration Debug for project slideshow ****
make all 
D:/Xilinx2023.1/Vitis/2023.1/gnuwin/bin/make --no-print-directory pre-build
a9-linaro-pre-build-step
' '
D:/Xilinx2023.1/Vitis/2023.1/gnuwin/bin/make --no-print-directory main-build
'Building file: ../src/main.c'
'Invoking: ARM v7 gcc compiler'
arm-none-eabi-gcc -Wall -O2 -g3 -I"C:\Users\qubeck\Documents\Development\ProjektyVitis\TangerineZ7Workspace\gfxLib" -c -fmessage-length=0 -MT"src/main.o" -mcpu=cortex-a9 -mfpu=vfpv3 -mfloat-abi=hard -IC:/Users/qubeck/Documents/Development/ProjektyVitis/TangerineZ7Workspace/tangerineZ7_20_wrapper/export/tangerineZ7_20_wrapper/sw/tangerineZ7_20_wrapper/standalone_ps7_cortexa9_0/bspinclude/include -MMD -MP -MF"src/main.d" -MT"src/main.o" -o "src/main.o" "../src/main.c"
../src/main.c: In function 'getNumEntries':
../src/main.c:108:15: warning: format '%d' expects argument of type 'int', but argument 2 has type 'uint32_t' {aka 'long unsigned int'} [-Wformat=]
  108 |     printf( "%d entries\n", numEntries );
      |              ~^             ~~~~~~~~~~
      |               |             |
      |               int           uint32_t {aka long unsigned int}
      |              %ld
../src/main.c: In function 'getEntry':
../src/main.c:116:14: warning: variable 'rv' set but not used [-Wunused-but-set-variable]
  116 |     uint32_t rv;
      |              ^~
../src/main.c: In function 'slideshow':
../src/main.c:162:21: warning: unused variable 'rv' [-Wunused-variable]
  162 |     uint32_t        rv;
      |                     ^~
'Finished building: ../src/main.c'
' '
'Building target: slideshow.elf'
'Invoking: ARM v7 gcc linker'
arm-none-eabi-gcc -mcpu=cortex-a9 -mfpu=vfpv3 -mfloat-abi=hard -Wl,-build-id=none -specs=Xilinx.spec -Wl,-T -Wl,../src/lscript.ld -LC:/Users/qubeck/Documents/Development/ProjektyVitis/TangerineZ7Workspace/tangerineZ7_20_wrapper/export/tangerineZ7_20_wrapper/sw/tangerineZ7_20_wrapper/standalone_ps7_cortexa9_0/bsplib/lib -o "slideshow.elf"  ./src/gfxLib/bsp.o ./src/gfxLib/gfAudio.o ./src/gfxLib/gfBitmap.o ./src/gfxLib/gfDrawing.o ./src/gfxLib/gfFont.o ./src/gfxLib/gfGouraud.o ./src/gfxLib/gfJPEG.o ./src/gfxLib/osAlloc.o ./src/gfxLib/osFile.o ./src/gfxLib/osSerial.o ./src/gfxLib/osUIEvents.o ./src/gfxLib/picojpeg.o ./src/gfxLib/ps2Host.o  ./src/main.o ./src/platform.o   -lm -Wl,--start-group,-lxil,-lgcc,-lc,--end-group -Wl,--start-group,-lxilffs,-lxil,-lgcc,-lc,--end-group
'Finished building target: slideshow.elf'
' '
'Invoking: ARM v7 Print Size'
arm-none-eabi-size slideshow.elf  |tee "slideshow.elf.size"
   text	   data	    bss	    dec	    hex	filename
 184468	   2632	  79344	 266444	  410cc	slideshow.elf
'Finished building: slideshow.elf.size'
' '
