Nothing to build in platform 'tangerineZ7_20_wrapper'

19:09:49 **** Incremental Build of configuration Debug for project slideshow ****
make all 
D:/Xilinx2023.1/Vitis/2023.1/gnuwin/bin/make --no-print-directory pre-build
a9-linaro-pre-build-step
' '
D:/Xilinx2023.1/Vitis/2023.1/gnuwin/bin/make --no-print-directory main-build
'Building file: C:/Users/qubeck/Documents/Development/ProjektyVitis/TangerineZ7Workspace/gfxLib/gfFont.c'
'Invoking: ARM v7 gcc compiler'
arm-none-eabi-gcc -Wall -O2 -g3 -I"C:\Users\qubeck\Documents\Development\ProjektyVitis\TangerineZ7Workspace\gfxLib" -c -fmessage-length=0 -MT"src/gfxLib/gfFont.o" -mcpu=cortex-a9 -mfpu=vfpv3 -mfloat-abi=hard -IC:/Users/qubeck/Documents/Development/ProjektyVitis/TangerineZ7Workspace/tangerineZ7_20_wrapper/export/tangerineZ7_20_wrapper/sw/tangerineZ7_20_wrapper/standalone_ps7_cortexa9_0/bspinclude/include -MMD -MP -MF"src/gfxLib/gfFont.d" -MT"src/gfxLib/gfFont.o" -o "src/gfxLib/gfFont.o" "C:/Users/qubeck/Documents/Development/ProjektyVitis/TangerineZ7Workspace/gfxLib/gfFont.c"
C:/Users/qubeck/Documents/Development/ProjektyVitis/TangerineZ7Workspace/gfxLib/gfFont.c: In function 'gfPutChar':
C:/Users/qubeck/Documents/Development/ProjektyVitis/TangerineZ7Workspace/gfxLib/gfFont.c:227:82: warning: array subscript has type 'char' [-Wchar-subscripts]
  227 |                                 for( cx = 0; cx < ( ( uint8_t* )font->charWidths)[ c ] ; cx+=2 )
      |                                                                                  ^
C:/Users/qubeck/Documents/Development/ProjektyVitis/TangerineZ7Workspace/gfxLib/gfFont.c:276:63: warning: array subscript has type 'char' [-Wchar-subscripts]
  276 |                         return ( ( uint8_t* )font->charWidths)[ c ];
      |                                                               ^
C:/Users/qubeck/Documents/Development/ProjektyVitis/TangerineZ7Workspace/gfxLib/gfFont.c: In function 'gfDrawTextOverlay':
C:/Users/qubeck/Documents/Development/ProjektyVitis/TangerineZ7Workspace/gfxLib/gfFont.c:323:20: warning: unused variable 'alphaBackground' [-Wunused-variable]
  323 |         uint8_t    alphaBackground;
      |                    ^~~~~~~~~~~~~~~
'Finished building: C:/Users/qubeck/Documents/Development/ProjektyVitis/TangerineZ7Workspace/gfxLib/gfFont.c'
' '
'Building target: slideshow.elf'
'Invoking: ARM v7 gcc linker'
arm-none-eabi-gcc -mcpu=cortex-a9 -mfpu=vfpv3 -mfloat-abi=hard -Wl,-build-id=none -specs=Xilinx.spec -Wl,-T -Wl,../src/lscript.ld -LC:/Users/qubeck/Documents/Development/ProjektyVitis/TangerineZ7Workspace/tangerineZ7_20_wrapper/export/tangerineZ7_20_wrapper/sw/tangerineZ7_20_wrapper/standalone_ps7_cortexa9_0/bsplib/lib -o "slideshow.elf"  ./src/gfxLib/bsp.o ./src/gfxLib/gfAudio.o ./src/gfxLib/gfBitmap.o ./src/gfxLib/gfDrawing.o ./src/gfxLib/gfFont.o ./src/gfxLib/gfGouraud.o ./src/gfxLib/gfJPEG.o ./src/gfxLib/osAlloc.o ./src/gfxLib/osFile.o ./src/gfxLib/osSerial.o ./src/gfxLib/osUIEvents.o ./src/gfxLib/picojpeg.o ./src/gfxLib/ps2Host.o  ./src/main.o ./src/platform.o   -lm -Wl,--start-group,-lxil,-lgcc,-lc,--end-group -Wl,--start-group,-lxilffs,-lxil,-lgcc,-lc,--end-group
'Finished building target: slideshow.elf'
' '
'Invoking: ARM v7 Print Size'
arm-none-eabi-size slideshow.elf  |tee "slideshow.elf.size"
   text	   data	    bss	    dec	    hex	filename
 184372	   2632	  79344	 266348	  4106c	slideshow.elf
'Finished building: slideshow.elf.size'
' '
