20:03:02 **** Incremental Build of configuration Debug for project mp3Player ****
make all 
D:/Xilinx2023.1/Vitis/2023.1/gnuwin/bin/make --no-print-directory pre-build
a9-linaro-pre-build-step
' '
D:/Xilinx2023.1/Vitis/2023.1/gnuwin/bin/make --no-print-directory main-build
'Building file: C:/Users/qubeck/Documents/Development/ProjektyVitis/TangerineZ7Workspace/gfxLib/bsp.c'
'Invoking: ARM v7 gcc compiler'
arm-none-eabi-gcc -Wall -O2 -g3 -I"C:\Users\qubeck\Documents\Development\ProjektyVitis\TangerineZ7Workspace\gfxLib" -I"C:\Users\qubeck\Documents\Development\ProjektyVitis\TangerineZ7Workspace\mp3Player\src\libHelix\pub" -I"C:\Users\qubeck\Documents\Development\ProjektyVitis\TangerineZ7Workspace\mp3Player\src\libHelix\real" -I"C:\Users\qubeck\Documents\Development\ProjektyVitis\TangerineZ7Workspace\mp3Player\src\libHelix" -c -fmessage-length=0 -MT"src/gfxLib/bsp.o" -mcpu=cortex-a9 -mfpu=vfpv3 -mfloat-abi=hard -IC:/Users/qubeck/Documents/Development/ProjektyVitis/TangerineZ7Workspace/tangerineZ7_20_wrapper/export/tangerineZ7_20_wrapper/sw/tangerineZ7_20_wrapper/standalone_ps7_cortexa9_0/bspinclude/include -MMD -MP -MF"src/gfxLib/bsp.d" -MT"src/gfxLib/bsp.o" -o "src/gfxLib/bsp.o" "C:/Users/qubeck/Documents/Development/ProjektyVitis/TangerineZ7Workspace/gfxLib/bsp.c"
'Finished building: C:/Users/qubeck/Documents/Development/ProjektyVitis/TangerineZ7Workspace/gfxLib/bsp.c'
' '
'Building file: C:/Users/qubeck/Documents/Development/ProjektyVitis/TangerineZ7Workspace/gfxLib/gfAudio.c'
'Invoking: ARM v7 gcc compiler'
arm-none-eabi-gcc -Wall -O2 -g3 -I"C:\Users\qubeck\Documents\Development\ProjektyVitis\TangerineZ7Workspace\gfxLib" -I"C:\Users\qubeck\Documents\Development\ProjektyVitis\TangerineZ7Workspace\mp3Player\src\libHelix\pub" -I"C:\Users\qubeck\Documents\Development\ProjektyVitis\TangerineZ7Workspace\mp3Player\src\libHelix\real" -I"C:\Users\qubeck\Documents\Development\ProjektyVitis\TangerineZ7Workspace\mp3Player\src\libHelix" -c -fmessage-length=0 -MT"src/gfxLib/gfAudio.o" -mcpu=cortex-a9 -mfpu=vfpv3 -mfloat-abi=hard -IC:/Users/qubeck/Documents/Development/ProjektyVitis/TangerineZ7Workspace/tangerineZ7_20_wrapper/export/tangerineZ7_20_wrapper/sw/tangerineZ7_20_wrapper/standalone_ps7_cortexa9_0/bspinclude/include -MMD -MP -MF"src/gfxLib/gfAudio.d" -MT"src/gfxLib/gfAudio.o" -o "src/gfxLib/gfAudio.o" "C:/Users/qubeck/Documents/Development/ProjektyVitis/TangerineZ7Workspace/gfxLib/gfAudio.c"
'Finished building: C:/Users/qubeck/Documents/Development/ProjektyVitis/TangerineZ7Workspace/gfxLib/gfAudio.c'
' '
'Building file: C:/Users/qubeck/Documents/Development/ProjektyVitis/TangerineZ7Workspace/gfxLib/gfBitmap.c'
'Invoking: ARM v7 gcc compiler'
arm-none-eabi-gcc -Wall -O2 -g3 -I"C:\Users\qubeck\Documents\Development\ProjektyVitis\TangerineZ7Workspace\gfxLib" -I"C:\Users\qubeck\Documents\Development\ProjektyVitis\TangerineZ7Workspace\mp3Player\src\libHelix\pub" -I"C:\Users\qubeck\Documents\Development\ProjektyVitis\TangerineZ7Workspace\mp3Player\src\libHelix\real" -I"C:\Users\qubeck\Documents\Development\ProjektyVitis\TangerineZ7Workspace\mp3Player\src\libHelix" -c -fmessage-length=0 -MT"src/gfxLib/gfBitmap.o" -mcpu=cortex-a9 -mfpu=vfpv3 -mfloat-abi=hard -IC:/Users/qubeck/Documents/Development/ProjektyVitis/TangerineZ7Workspace/tangerineZ7_20_wrapper/export/tangerineZ7_20_wrapper/sw/tangerineZ7_20_wrapper/standalone_ps7_cortexa9_0/bspinclude/include -MMD -MP -MF"src/gfxLib/gfBitmap.d" -MT"src/gfxLib/gfBitmap.o" -o "src/gfxLib/gfBitmap.o" "C:/Users/qubeck/Documents/Development/ProjektyVitis/TangerineZ7Workspace/gfxLib/gfBitmap.c"
C:/Users/qubeck/Documents/Development/ProjektyVitis/TangerineZ7Workspace/gfxLib/gfBitmap.c: In function 'gfLoadBitmapFS':
C:/Users/qubeck/Documents/Development/ProjektyVitis/TangerineZ7Workspace/gfxLib/gfBitmap.c:116:45: warning: suggest parentheses around arithmetic in operand of '|' [-Wparentheses]
  116 |             bmpBufferUS[ i ] = ( tmp >> 8 ) & 0xff | ( tmp & 0xff ) << 8;
      |                                ~~~~~~~~~~~~~^~~~~~
'Finished building: C:/Users/qubeck/Documents/Development/ProjektyVitis/TangerineZ7Workspace/gfxLib/gfBitmap.c'
' '
'Building file: C:/Users/qubeck/Documents/Development/ProjektyVitis/TangerineZ7Workspace/gfxLib/gfDrawing.c'
'Invoking: ARM v7 gcc compiler'
arm-none-eabi-gcc -Wall -O2 -g3 -I"C:\Users\qubeck\Documents\Development\ProjektyVitis\TangerineZ7Workspace\gfxLib" -I"C:\Users\qubeck\Documents\Development\ProjektyVitis\TangerineZ7Workspace\mp3Player\src\libHelix\pub" -I"C:\Users\qubeck\Documents\Development\ProjektyVitis\TangerineZ7Workspace\mp3Player\src\libHelix\real" -I"C:\Users\qubeck\Documents\Development\ProjektyVitis\TangerineZ7Workspace\mp3Player\src\libHelix" -c -fmessage-length=0 -MT"src/gfxLib/gfDrawing.o" -mcpu=cortex-a9 -mfpu=vfpv3 -mfloat-abi=hard -IC:/Users/qubeck/Documents/Development/ProjektyVitis/TangerineZ7Workspace/tangerineZ7_20_wrapper/export/tangerineZ7_20_wrapper/sw/tangerineZ7_20_wrapper/standalone_ps7_cortexa9_0/bspinclude/include -MMD -MP -MF"src/gfxLib/gfDrawing.d" -MT"src/gfxLib/gfDrawing.o" -o "src/gfxLib/gfDrawing.o" "C:/Users/qubeck/Documents/Development/ProjektyVitis/TangerineZ7Workspace/gfxLib/gfDrawing.c"
C:/Users/qubeck/Documents/Development/ProjektyVitis/TangerineZ7Workspace/gfxLib/gfDrawing.c: In function 'gfFillRect':
C:/Users/qubeck/Documents/Development/ProjektyVitis/TangerineZ7Workspace/gfxLib/gfDrawing.c:273:16: warning: unused variable 'bh' [-Wunused-variable]
  273 |    int16_t     bh;
      |                ^~
C:/Users/qubeck/Documents/Development/ProjektyVitis/TangerineZ7Workspace/gfxLib/gfDrawing.c:272:16: warning: unused variable 'bw' [-Wunused-variable]
  272 |    int16_t     bw;
      |                ^~
'Finished building: C:/Users/qubeck/Documents/Development/ProjektyVitis/TangerineZ7Workspace/gfxLib/gfDrawing.c'
' '
'Building file: C:/Users/qubeck/Documents/Development/ProjektyVitis/TangerineZ7Workspace/gfxLib/gfFont.c'
'Invoking: ARM v7 gcc compiler'
arm-none-eabi-gcc -Wall -O2 -g3 -I"C:\Users\qubeck\Documents\Development\ProjektyVitis\TangerineZ7Workspace\gfxLib" -I"C:\Users\qubeck\Documents\Development\ProjektyVitis\TangerineZ7Workspace\mp3Player\src\libHelix\pub" -I"C:\Users\qubeck\Documents\Development\ProjektyVitis\TangerineZ7Workspace\mp3Player\src\libHelix\real" -I"C:\Users\qubeck\Documents\Development\ProjektyVitis\TangerineZ7Workspace\mp3Player\src\libHelix" -c -fmessage-length=0 -MT"src/gfxLib/gfFont.o" -mcpu=cortex-a9 -mfpu=vfpv3 -mfloat-abi=hard -IC:/Users/qubeck/Documents/Development/ProjektyVitis/TangerineZ7Workspace/tangerineZ7_20_wrapper/export/tangerineZ7_20_wrapper/sw/tangerineZ7_20_wrapper/standalone_ps7_cortexa9_0/bspinclude/include -MMD -MP -MF"src/gfxLib/gfFont.d" -MT"src/gfxLib/gfFont.o" -o "src/gfxLib/gfFont.o" "C:/Users/qubeck/Documents/Development/ProjektyVitis/TangerineZ7Workspace/gfxLib/gfFont.c"
C:/Users/qubeck/Documents/Development/ProjektyVitis/TangerineZ7Workspace/gfxLib/gfFont.c: In function 'gfPutChar':
C:/Users/qubeck/Documents/Development/ProjektyVitis/TangerineZ7Workspace/gfxLib/gfFont.c:227:82: warning: array subscript has type 'char' [-Wchar-subscripts]
  227 |                                 for( cx = 0; cx < ( ( uint8_t* )font->charWidths)[ c ] ; cx+=2 )
      |                                                                                  ^
C:/Users/qubeck/Documents/Development/ProjektyVitis/TangerineZ7Workspace/gfxLib/gfFont.c:276:63: warning: array subscript has type 'char' [-Wchar-subscripts]
  276 |                         return ( ( uint8_t* )font->charWidths)[ c ];
      |                                                               ^
C:/Users/qubeck/Documents/Development/ProjektyVitis/TangerineZ7Workspace/gfxLib/gfFont.c: In function 'gfDrawTextOverlay':
C:/Users/qubeck/Documents/Development/ProjektyVitis/TangerineZ7Workspace/gfxLib/gfFont.c:323:20: warning: unused variable 'alphaBackground' [-Wunused-variable]
  323 |         uint8_t    alphaBackground;
      |                    ^~~~~~~~~~~~~~~
'Finished building: C:/Users/qubeck/Documents/Development/ProjektyVitis/TangerineZ7Workspace/gfxLib/gfFont.c'
' '
'Building file: C:/Users/qubeck/Documents/Development/ProjektyVitis/TangerineZ7Workspace/gfxLib/gfGouraud.c'
'Invoking: ARM v7 gcc compiler'
arm-none-eabi-gcc -Wall -O2 -g3 -I"C:\Users\qubeck\Documents\Development\ProjektyVitis\TangerineZ7Workspace\gfxLib" -I"C:\Users\qubeck\Documents\Development\ProjektyVitis\TangerineZ7Workspace\mp3Player\src\libHelix\pub" -I"C:\Users\qubeck\Documents\Development\ProjektyVitis\TangerineZ7Workspace\mp3Player\src\libHelix\real" -I"C:\Users\qubeck\Documents\Development\ProjektyVitis\TangerineZ7Workspace\mp3Player\src\libHelix" -c -fmessage-length=0 -MT"src/gfxLib/gfGouraud.o" -mcpu=cortex-a9 -mfpu=vfpv3 -mfloat-abi=hard -IC:/Users/qubeck/Documents/Development/ProjektyVitis/TangerineZ7Workspace/tangerineZ7_20_wrapper/export/tangerineZ7_20_wrapper/sw/tangerineZ7_20_wrapper/standalone_ps7_cortexa9_0/bspinclude/include -MMD -MP -MF"src/gfxLib/gfGouraud.d" -MT"src/gfxLib/gfGouraud.o" -o "src/gfxLib/gfGouraud.o" "C:/Users/qubeck/Documents/Development/ProjektyVitis/TangerineZ7Workspace/gfxLib/gfGouraud.c"
'Finished building: C:/Users/qubeck/Documents/Development/ProjektyVitis/TangerineZ7Workspace/gfxLib/gfGouraud.c'
' '
'Building file: C:/Users/qubeck/Documents/Development/ProjektyVitis/TangerineZ7Workspace/gfxLib/osFile.c'
'Invoking: ARM v7 gcc compiler'
arm-none-eabi-gcc -Wall -O2 -g3 -I"C:\Users\qubeck\Documents\Development\ProjektyVitis\TangerineZ7Workspace\gfxLib" -I"C:\Users\qubeck\Documents\Development\ProjektyVitis\TangerineZ7Workspace\mp3Player\src\libHelix\pub" -I"C:\Users\qubeck\Documents\Development\ProjektyVitis\TangerineZ7Workspace\mp3Player\src\libHelix\real" -I"C:\Users\qubeck\Documents\Development\ProjektyVitis\TangerineZ7Workspace\mp3Player\src\libHelix" -c -fmessage-length=0 -MT"src/gfxLib/osFile.o" -mcpu=cortex-a9 -mfpu=vfpv3 -mfloat-abi=hard -IC:/Users/qubeck/Documents/Development/ProjektyVitis/TangerineZ7Workspace/tangerineZ7_20_wrapper/export/tangerineZ7_20_wrapper/sw/tangerineZ7_20_wrapper/standalone_ps7_cortexa9_0/bspinclude/include -MMD -MP -MF"src/gfxLib/osFile.d" -MT"src/gfxLib/osFile.o" -o "src/gfxLib/osFile.o" "C:/Users/qubeck/Documents/Development/ProjektyVitis/TangerineZ7Workspace/gfxLib/osFile.c"
C:/Users/qubeck/Documents/Development/ProjektyVitis/TangerineZ7Workspace/gfxLib/osFile.c: In function 'osFRead':
C:/Users/qubeck/Documents/Development/ProjektyVitis/TangerineZ7Workspace/gfxLib/osFile.c:120:12: warning: variable 'res' set but not used [-Wunused-but-set-variable]
  120 |    FRESULT res;
      |            ^~~
'Finished building: C:/Users/qubeck/Documents/Development/ProjektyVitis/TangerineZ7Workspace/gfxLib/osFile.c'
' '
'Building file: C:/Users/qubeck/Documents/Development/ProjektyVitis/TangerineZ7Workspace/gfxLib/osSerial.c'
'Invoking: ARM v7 gcc compiler'
arm-none-eabi-gcc -Wall -O2 -g3 -I"C:\Users\qubeck\Documents\Development\ProjektyVitis\TangerineZ7Workspace\gfxLib" -I"C:\Users\qubeck\Documents\Development\ProjektyVitis\TangerineZ7Workspace\mp3Player\src\libHelix\pub" -I"C:\Users\qubeck\Documents\Development\ProjektyVitis\TangerineZ7Workspace\mp3Player\src\libHelix\real" -I"C:\Users\qubeck\Documents\Development\ProjektyVitis\TangerineZ7Workspace\mp3Player\src\libHelix" -c -fmessage-length=0 -MT"src/gfxLib/osSerial.o" -mcpu=cortex-a9 -mfpu=vfpv3 -mfloat-abi=hard -IC:/Users/qubeck/Documents/Development/ProjektyVitis/TangerineZ7Workspace/tangerineZ7_20_wrapper/export/tangerineZ7_20_wrapper/sw/tangerineZ7_20_wrapper/standalone_ps7_cortexa9_0/bspinclude/include -MMD -MP -MF"src/gfxLib/osSerial.d" -MT"src/gfxLib/osSerial.o" -o "src/gfxLib/osSerial.o" "C:/Users/qubeck/Documents/Development/ProjektyVitis/TangerineZ7Workspace/gfxLib/osSerial.c"
C:/Users/qubeck/Documents/Development/ProjektyVitis/TangerineZ7Workspace/gfxLib/osSerial.c: In function 'osSerialPrint':
C:/Users/qubeck/Documents/Development/ProjektyVitis/TangerineZ7Workspace/gfxLib/osSerial.c:110:11: warning: suggest parentheses around assignment used as truth value [-Wparentheses]
  110 |    while( c = *buf++ )
      |           ^
'Finished building: C:/Users/qubeck/Documents/Development/ProjektyVitis/TangerineZ7Workspace/gfxLib/osSerial.c'
' '
'Building file: C:/Users/qubeck/Documents/Development/ProjektyVitis/TangerineZ7Workspace/gfxLib/osUIEvents.c'
'Invoking: ARM v7 gcc compiler'
arm-none-eabi-gcc -Wall -O2 -g3 -I"C:\Users\qubeck\Documents\Development\ProjektyVitis\TangerineZ7Workspace\gfxLib" -I"C:\Users\qubeck\Documents\Development\ProjektyVitis\TangerineZ7Workspace\mp3Player\src\libHelix\pub" -I"C:\Users\qubeck\Documents\Development\ProjektyVitis\TangerineZ7Workspace\mp3Player\src\libHelix\real" -I"C:\Users\qubeck\Documents\Development\ProjektyVitis\TangerineZ7Workspace\mp3Player\src\libHelix" -c -fmessage-length=0 -MT"src/gfxLib/osUIEvents.o" -mcpu=cortex-a9 -mfpu=vfpv3 -mfloat-abi=hard -IC:/Users/qubeck/Documents/Development/ProjektyVitis/TangerineZ7Workspace/tangerineZ7_20_wrapper/export/tangerineZ7_20_wrapper/sw/tangerineZ7_20_wrapper/standalone_ps7_cortexa9_0/bspinclude/include -MMD -MP -MF"src/gfxLib/osUIEvents.d" -MT"src/gfxLib/osUIEvents.o" -o "src/gfxLib/osUIEvents.o" "C:/Users/qubeck/Documents/Development/ProjektyVitis/TangerineZ7Workspace/gfxLib/osUIEvents.c"
'Finished building: C:/Users/qubeck/Documents/Development/ProjektyVitis/TangerineZ7Workspace/gfxLib/osUIEvents.c'
' '
'Building file: C:/Users/qubeck/Documents/Development/ProjektyVitis/TangerineZ7Workspace/gfxLib/ps2Host.c'
'Invoking: ARM v7 gcc compiler'
arm-none-eabi-gcc -Wall -O2 -g3 -I"C:\Users\qubeck\Documents\Development\ProjektyVitis\TangerineZ7Workspace\gfxLib" -I"C:\Users\qubeck\Documents\Development\ProjektyVitis\TangerineZ7Workspace\mp3Player\src\libHelix\pub" -I"C:\Users\qubeck\Documents\Development\ProjektyVitis\TangerineZ7Workspace\mp3Player\src\libHelix\real" -I"C:\Users\qubeck\Documents\Development\ProjektyVitis\TangerineZ7Workspace\mp3Player\src\libHelix" -c -fmessage-length=0 -MT"src/gfxLib/ps2Host.o" -mcpu=cortex-a9 -mfpu=vfpv3 -mfloat-abi=hard -IC:/Users/qubeck/Documents/Development/ProjektyVitis/TangerineZ7Workspace/tangerineZ7_20_wrapper/export/tangerineZ7_20_wrapper/sw/tangerineZ7_20_wrapper/standalone_ps7_cortexa9_0/bspinclude/include -MMD -MP -MF"src/gfxLib/ps2Host.d" -MT"src/gfxLib/ps2Host.o" -o "src/gfxLib/ps2Host.o" "C:/Users/qubeck/Documents/Development/ProjektyVitis/TangerineZ7Workspace/gfxLib/ps2Host.c"
C:/Users/qubeck/Documents/Development/ProjektyVitis/TangerineZ7Workspace/gfxLib/ps2Host.c: In function 'ps2HostSetKeyboardLeds':
C:/Users/qubeck/Documents/Development/ProjektyVitis/TangerineZ7Workspace/gfxLib/ps2Host.c:263:22: warning: variable 'i' set but not used [-Wunused-but-set-variable]
  263 |    volatile uint32_t i;
      |                      ^
'Finished building: C:/Users/qubeck/Documents/Development/ProjektyVitis/TangerineZ7Workspace/gfxLib/ps2Host.c'
' '
'Building file: ../src/main.c'
'Invoking: ARM v7 gcc compiler'
arm-none-eabi-gcc -Wall -O2 -g3 -I"C:\Users\qubeck\Documents\Development\ProjektyVitis\TangerineZ7Workspace\gfxLib" -I"C:\Users\qubeck\Documents\Development\ProjektyVitis\TangerineZ7Workspace\mp3Player\src\libHelix\pub" -I"C:\Users\qubeck\Documents\Development\ProjektyVitis\TangerineZ7Workspace\mp3Player\src\libHelix\real" -I"C:\Users\qubeck\Documents\Development\ProjektyVitis\TangerineZ7Workspace\mp3Player\src\libHelix" -c -fmessage-length=0 -MT"src/main.o" -mcpu=cortex-a9 -mfpu=vfpv3 -mfloat-abi=hard -IC:/Users/qubeck/Documents/Development/ProjektyVitis/TangerineZ7Workspace/tangerineZ7_20_wrapper/export/tangerineZ7_20_wrapper/sw/tangerineZ7_20_wrapper/standalone_ps7_cortexa9_0/bspinclude/include -MMD -MP -MF"src/main.d" -MT"src/main.o" -o "src/main.o" "../src/main.c"
../src/main.c: In function 'main':
../src/main.c:148:30: warning: format '%d' expects a matching 'int' argument [-Wformat=]
  148 |        printf( "Can't alloc %d bytes for mp3 - press pause to reboot\n" );
      |                             ~^
      |                              |
      |                              int
../src/main.c:158:26: warning: format '%d' expects argument of type 'int', but argument 3 has type 'uint32_t' {aka 'long unsigned int'} [-Wformat=]
  158 |    printf( "Loading %s (%d)\n", mp3FileName, mp3Size );
      |                         ~^                   ~~~~~~~
      |                          |                   |
      |                          int                 uint32_t {aka long unsigned int}
      |                         %ld
'Finished building: ../src/main.c'
' '
'Building target: mp3Player.elf'
'Invoking: ARM v7 gcc linker'
arm-none-eabi-gcc -mcpu=cortex-a9 -mfpu=vfpv3 -mfloat-abi=hard -Wl,-build-id=none -specs=Xilinx.spec -Wl,-T -Wl,../src/lscript.ld -LC:/Users/qubeck/Documents/Development/ProjektyVitis/TangerineZ7Workspace/tangerineZ7_20_wrapper/export/tangerineZ7_20_wrapper/sw/tangerineZ7_20_wrapper/standalone_ps7_cortexa9_0/bsplib/lib -o "mp3Player.elf"  ./src/libHelix/real/bitstream.o ./src/libHelix/real/buffers.o ./src/libHelix/real/dct32.o ./src/libHelix/real/dequant.o ./src/libHelix/real/dqchan.o ./src/libHelix/real/huffman.o ./src/libHelix/real/hufftabs.o ./src/libHelix/real/imdct.o ./src/libHelix/real/polyphase.o ./src/libHelix/real/scalfact.o ./src/libHelix/real/stproc.o ./src/libHelix/real/subband.o ./src/libHelix/real/trigtabs.o  ./src/libHelix/mp3dec.o ./src/libHelix/mp3tabs.o  ./src/gfxLib/bsp.o ./src/gfxLib/gfAudio.o ./src/gfxLib/gfBitmap.o ./src/gfxLib/gfDrawing.o ./src/gfxLib/gfFont.o ./src/gfxLib/gfGouraud.o ./src/gfxLib/gfJPEG.o ./src/gfxLib/osAlloc.o ./src/gfxLib/osFile.o ./src/gfxLib/osSerial.o ./src/gfxLib/osUIEvents.o ./src/gfxLib/picojpeg.o ./src/gfxLib/ps2Host.o  ./src/main.o ./src/platform.o   -lm -Wl,--start-group,-lxil,-lgcc,-lc,--end-group -Wl,--start-group,-lxilffs,-lxil,-lgcc,-lc,--end-group
'Finished building target: mp3Player.elf'
' '
'Invoking: ARM v7 Print Size'
arm-none-eabi-size mp3Player.elf  |tee "mp3Player.elf.size"
   text	   data	    bss	    dec	    hex	filename
 221240	   3272	  53904	 278416	  43f90	mp3Player.elf
'Finished building: mp3Player.elf.size'
' '

20:03:05 Build Finished (took 3s.786ms)

