17:36:32 **** Incremental Build of configuration Debug for project mp3Player ****
make all 
D:/Xilinx2023.1/Vitis/2023.1/gnuwin/bin/make --no-print-directory pre-build
a9-linaro-pre-build-step
' '
D:/Xilinx2023.1/Vitis/2023.1/gnuwin/bin/make --no-print-directory main-build
'Building file: ../src/main.c'
'Invoking: ARM v7 gcc compiler'
arm-none-eabi-gcc -Wall -O2 -g3 -I"C:\Users\qubeck\Documents\Development\ProjektyVitis\TangerineZ7Workspace\gfxLib" -I"C:\Users\qubeck\Documents\Development\ProjektyVitis\TangerineZ7Workspace\mp3Player\src\libHelix\pub" -I"C:\Users\qubeck\Documents\Development\ProjektyVitis\TangerineZ7Workspace\mp3Player\src\libHelix\real" -I"C:\Users\qubeck\Documents\Development\ProjektyVitis\TangerineZ7Workspace\mp3Player\src\libHelix" -c -fmessage-length=0 -MT"src/main.o" -mcpu=cortex-a9 -mfpu=vfpv3 -mfloat-abi=hard -IC:/Users/qubeck/Documents/Development/ProjektyVitis/TangerineZ7Workspace/tangerineZ7_20_wrapper/export/tangerineZ7_20_wrapper/sw/tangerineZ7_20_wrapper/standalone_ps7_cortexa9_0/bspinclude/include -MMD -MP -MF"src/main.d" -MT"src/main.o" -o "src/main.o" "../src/main.c"
../src/main.c: In function 'main':
../src/main.c:148:30: warning: format '%d' expects a matching 'int' argument [-Wformat=]
  148 |        printf( "Can't alloc %d bytes for mp3 - press pause to reboot\n" );
      |                             ~^
      |                              |
      |                              int
../src/main.c:158:26: warning: format '%d' expects argument of type 'int', but argument 3 has type 'uint32_t' {aka 'long unsigned int'} [-Wformat=]
  158 |    printf( "Loading %s (%d)\n", mp3FileName, mp3Size );
      |                         ~^                   ~~~~~~~
      |                          |                   |
      |                          int                 uint32_t {aka long unsigned int}
      |                         %ld
'Finished building: ../src/main.c'
' '
'Building target: mp3Player.elf'
'Invoking: ARM v7 gcc linker'
arm-none-eabi-gcc -mcpu=cortex-a9 -mfpu=vfpv3 -mfloat-abi=hard -Wl,-build-id=none -specs=Xilinx.spec -Wl,-T -Wl,../src/lscript.ld -LC:/Users/qubeck/Documents/Development/ProjektyVitis/TangerineZ7Workspace/tangerineZ7_20_wrapper/export/tangerineZ7_20_wrapper/sw/tangerineZ7_20_wrapper/standalone_ps7_cortexa9_0/bsplib/lib -o "mp3Player.elf"  ./src/libHelix/real/bitstream.o ./src/libHelix/real/buffers.o ./src/libHelix/real/dct32.o ./src/libHelix/real/dequant.o ./src/libHelix/real/dqchan.o ./src/libHelix/real/huffman.o ./src/libHelix/real/hufftabs.o ./src/libHelix/real/imdct.o ./src/libHelix/real/polyphase.o ./src/libHelix/real/scalfact.o ./src/libHelix/real/stproc.o ./src/libHelix/real/subband.o ./src/libHelix/real/trigtabs.o  ./src/libHelix/mp3dec.o ./src/libHelix/mp3tabs.o  ./src/gfxLib/bsp.o ./src/gfxLib/gfAudio.o ./src/gfxLib/gfBitmap.o ./src/gfxLib/gfDrawing.o ./src/gfxLib/gfFont.o ./src/gfxLib/gfGouraud.o ./src/gfxLib/gfJPEG.o ./src/gfxLib/osAlloc.o ./src/gfxLib/osFile.o ./src/gfxLib/osSerial.o ./src/gfxLib/osUIEvents.o ./src/gfxLib/picojpeg.o ./src/gfxLib/ps2Host.o  ./src/main.o ./src/platform.o   -lm -Wl,--start-group,-lxil,-lgcc,-lc,--end-group -Wl,--start-group,-lxilffs,-lxil,-lgcc,-lc,--end-group
'Finished building target: mp3Player.elf'
' '
'Invoking: ARM v7 Print Size'
arm-none-eabi-size mp3Player.elf  |tee "mp3Player.elf.size"
   text	   data	    bss	    dec	    hex	filename
 221240	   3272	  53904	 278416	  43f90	mp3Player.elf
'Finished building: mp3Player.elf.size'
' '

17:36:33 Build Finished (took 964ms)

