18:00:22 **** Build of configuration Debug for project shell ****
make all 
D:/Xilinx2023.1/Vitis/2023.1/gnuwin/bin/make --no-print-directory pre-build
a9-linaro-pre-build-step
' '
D:/Xilinx2023.1/Vitis/2023.1/gnuwin/bin/make --no-print-directory main-build
'Building file: C:/Users/qubeck/Documents/Development/ProjektyVitis/TangerineZ7Workspace/gfxLib/bsp.c'
'Invoking: ARM v7 gcc compiler'
arm-none-eabi-gcc -Wall -O2 -g3 -I"C:\Users\qubeck\Documents\Development\ProjektyVitis\TangerineZ7Workspace\gfxLib" -c -fmessage-length=0 -MT"src/gfxLib/bsp.o" -mcpu=cortex-a9 -mfpu=vfpv3 -mfloat-abi=hard -IC:/Users/qubeck/Documents/Development/ProjektyVitis/TangerineZ7Workspace/tangerineZ7_20_wrapper/export/tangerineZ7_20_wrapper/sw/tangerineZ7_20_wrapper/standalone_ps7_cortexa9_0/bspinclude/include -MMD -MP -MF"src/gfxLib/bsp.d" -MT"src/gfxLib/bsp.o" -o "src/gfxLib/bsp.o" "C:/Users/qubeck/Documents/Development/ProjektyVitis/TangerineZ7Workspace/gfxLib/bsp.c"
'Finished building: C:/Users/qubeck/Documents/Development/ProjektyVitis/TangerineZ7Workspace/gfxLib/bsp.c'
' '
'Building file: C:/Users/qubeck/Documents/Development/ProjektyVitis/TangerineZ7Workspace/gfxLib/gfAudio.c'
'Invoking: ARM v7 gcc compiler'
arm-none-eabi-gcc -Wall -O2 -g3 -I"C:\Users\qubeck\Documents\Development\ProjektyVitis\TangerineZ7Workspace\gfxLib" -c -fmessage-length=0 -MT"src/gfxLib/gfAudio.o" -mcpu=cortex-a9 -mfpu=vfpv3 -mfloat-abi=hard -IC:/Users/qubeck/Documents/Development/ProjektyVitis/TangerineZ7Workspace/tangerineZ7_20_wrapper/export/tangerineZ7_20_wrapper/sw/tangerineZ7_20_wrapper/standalone_ps7_cortexa9_0/bspinclude/include -MMD -MP -MF"src/gfxLib/gfAudio.d" -MT"src/gfxLib/gfAudio.o" -o "src/gfxLib/gfAudio.o" "C:/Users/qubeck/Documents/Development/ProjektyVitis/TangerineZ7Workspace/gfxLib/gfAudio.c"
'Finished building: C:/Users/qubeck/Documents/Development/ProjektyVitis/TangerineZ7Workspace/gfxLib/gfAudio.c'
' '
'Building file: C:/Users/qubeck/Documents/Development/ProjektyVitis/TangerineZ7Workspace/gfxLib/gfBitmap.c'
'Invoking: ARM v7 gcc compiler'
arm-none-eabi-gcc -Wall -O2 -g3 -I"C:\Users\qubeck\Documents\Development\ProjektyVitis\TangerineZ7Workspace\gfxLib" -c -fmessage-length=0 -MT"src/gfxLib/gfBitmap.o" -mcpu=cortex-a9 -mfpu=vfpv3 -mfloat-abi=hard -IC:/Users/qubeck/Documents/Development/ProjektyVitis/TangerineZ7Workspace/tangerineZ7_20_wrapper/export/tangerineZ7_20_wrapper/sw/tangerineZ7_20_wrapper/standalone_ps7_cortexa9_0/bspinclude/include -MMD -MP -MF"src/gfxLib/gfBitmap.d" -MT"src/gfxLib/gfBitmap.o" -o "src/gfxLib/gfBitmap.o" "C:/Users/qubeck/Documents/Development/ProjektyVitis/TangerineZ7Workspace/gfxLib/gfBitmap.c"
C:/Users/qubeck/Documents/Development/ProjektyVitis/TangerineZ7Workspace/gfxLib/gfBitmap.c: In function 'gfLoadBitmapFS':
C:/Users/qubeck/Documents/Development/ProjektyVitis/TangerineZ7Workspace/gfxLib/gfBitmap.c:116:45: warning: suggest parentheses around arithmetic in operand of '|' [-Wparentheses]
  116 |             bmpBufferUS[ i ] = ( tmp >> 8 ) & 0xff | ( tmp & 0xff ) << 8;
      |                                ~~~~~~~~~~~~~^~~~~~
'Finished building: C:/Users/qubeck/Documents/Development/ProjektyVitis/TangerineZ7Workspace/gfxLib/gfBitmap.c'
' '
'Building file: C:/Users/qubeck/Documents/Development/ProjektyVitis/TangerineZ7Workspace/gfxLib/gfDrawing.c'
'Invoking: ARM v7 gcc compiler'
arm-none-eabi-gcc -Wall -O2 -g3 -I"C:\Users\qubeck\Documents\Development\ProjektyVitis\TangerineZ7Workspace\gfxLib" -c -fmessage-length=0 -MT"src/gfxLib/gfDrawing.o" -mcpu=cortex-a9 -mfpu=vfpv3 -mfloat-abi=hard -IC:/Users/qubeck/Documents/Development/ProjektyVitis/TangerineZ7Workspace/tangerineZ7_20_wrapper/export/tangerineZ7_20_wrapper/sw/tangerineZ7_20_wrapper/standalone_ps7_cortexa9_0/bspinclude/include -MMD -MP -MF"src/gfxLib/gfDrawing.d" -MT"src/gfxLib/gfDrawing.o" -o "src/gfxLib/gfDrawing.o" "C:/Users/qubeck/Documents/Development/ProjektyVitis/TangerineZ7Workspace/gfxLib/gfDrawing.c"
C:/Users/qubeck/Documents/Development/ProjektyVitis/TangerineZ7Workspace/gfxLib/gfDrawing.c: In function 'gfFillRect':
C:/Users/qubeck/Documents/Development/ProjektyVitis/TangerineZ7Workspace/gfxLib/gfDrawing.c:273:16: warning: unused variable 'bh' [-Wunused-variable]
  273 |    int16_t     bh;
      |                ^~
C:/Users/qubeck/Documents/Development/ProjektyVitis/TangerineZ7Workspace/gfxLib/gfDrawing.c:272:16: warning: unused variable 'bw' [-Wunused-variable]
  272 |    int16_t     bw;
      |                ^~
'Finished building: C:/Users/qubeck/Documents/Development/ProjektyVitis/TangerineZ7Workspace/gfxLib/gfDrawing.c'
' '
'Building file: C:/Users/qubeck/Documents/Development/ProjektyVitis/TangerineZ7Workspace/gfxLib/gfFont.c'
'Invoking: ARM v7 gcc compiler'
arm-none-eabi-gcc -Wall -O2 -g3 -I"C:\Users\qubeck\Documents\Development\ProjektyVitis\TangerineZ7Workspace\gfxLib" -c -fmessage-length=0 -MT"src/gfxLib/gfFont.o" -mcpu=cortex-a9 -mfpu=vfpv3 -mfloat-abi=hard -IC:/Users/qubeck/Documents/Development/ProjektyVitis/TangerineZ7Workspace/tangerineZ7_20_wrapper/export/tangerineZ7_20_wrapper/sw/tangerineZ7_20_wrapper/standalone_ps7_cortexa9_0/bspinclude/include -MMD -MP -MF"src/gfxLib/gfFont.d" -MT"src/gfxLib/gfFont.o" -o "src/gfxLib/gfFont.o" "C:/Users/qubeck/Documents/Development/ProjektyVitis/TangerineZ7Workspace/gfxLib/gfFont.c"
C:/Users/qubeck/Documents/Development/ProjektyVitis/TangerineZ7Workspace/gfxLib/gfFont.c: In function 'gfPutChar':
C:/Users/qubeck/Documents/Development/ProjektyVitis/TangerineZ7Workspace/gfxLib/gfFont.c:227:82: warning: array subscript has type 'char' [-Wchar-subscripts]
  227 |                                 for( cx = 0; cx < ( ( uint8_t* )font->charWidths)[ c ] ; cx+=2 )
      |                                                                                  ^
C:/Users/qubeck/Documents/Development/ProjektyVitis/TangerineZ7Workspace/gfxLib/gfFont.c:276:63: warning: array subscript has type 'char' [-Wchar-subscripts]
  276 |                         return ( ( uint8_t* )font->charWidths)[ c ];
      |                                                               ^
C:/Users/qubeck/Documents/Development/ProjektyVitis/TangerineZ7Workspace/gfxLib/gfFont.c: In function 'gfDrawTextOverlay':
C:/Users/qubeck/Documents/Development/ProjektyVitis/TangerineZ7Workspace/gfxLib/gfFont.c:323:20: warning: unused variable 'alphaBackground' [-Wunused-variable]
  323 |         uint8_t    alphaBackground;
      |                    ^~~~~~~~~~~~~~~
'Finished building: C:/Users/qubeck/Documents/Development/ProjektyVitis/TangerineZ7Workspace/gfxLib/gfFont.c'
' '
'Building file: C:/Users/qubeck/Documents/Development/ProjektyVitis/TangerineZ7Workspace/gfxLib/gfGouraud.c'
'Invoking: ARM v7 gcc compiler'
arm-none-eabi-gcc -Wall -O2 -g3 -I"C:\Users\qubeck\Documents\Development\ProjektyVitis\TangerineZ7Workspace\gfxLib" -c -fmessage-length=0 -MT"src/gfxLib/gfGouraud.o" -mcpu=cortex-a9 -mfpu=vfpv3 -mfloat-abi=hard -IC:/Users/qubeck/Documents/Development/ProjektyVitis/TangerineZ7Workspace/tangerineZ7_20_wrapper/export/tangerineZ7_20_wrapper/sw/tangerineZ7_20_wrapper/standalone_ps7_cortexa9_0/bspinclude/include -MMD -MP -MF"src/gfxLib/gfGouraud.d" -MT"src/gfxLib/gfGouraud.o" -o "src/gfxLib/gfGouraud.o" "C:/Users/qubeck/Documents/Development/ProjektyVitis/TangerineZ7Workspace/gfxLib/gfGouraud.c"
'Finished building: C:/Users/qubeck/Documents/Development/ProjektyVitis/TangerineZ7Workspace/gfxLib/gfGouraud.c'
' '
'Building file: C:/Users/qubeck/Documents/Development/ProjektyVitis/TangerineZ7Workspace/gfxLib/gfJPEG.c'
'Invoking: ARM v7 gcc compiler'
arm-none-eabi-gcc -Wall -O2 -g3 -I"C:\Users\qubeck\Documents\Development\ProjektyVitis\TangerineZ7Workspace\gfxLib" -c -fmessage-length=0 -MT"src/gfxLib/gfJPEG.o" -mcpu=cortex-a9 -mfpu=vfpv3 -mfloat-abi=hard -IC:/Users/qubeck/Documents/Development/ProjektyVitis/TangerineZ7Workspace/tangerineZ7_20_wrapper/export/tangerineZ7_20_wrapper/sw/tangerineZ7_20_wrapper/standalone_ps7_cortexa9_0/bspinclude/include -MMD -MP -MF"src/gfxLib/gfJPEG.d" -MT"src/gfxLib/gfJPEG.o" -o "src/gfxLib/gfJPEG.o" "C:/Users/qubeck/Documents/Development/ProjektyVitis/TangerineZ7Workspace/gfxLib/gfJPEG.c"
'Finished building: C:/Users/qubeck/Documents/Development/ProjektyVitis/TangerineZ7Workspace/gfxLib/gfJPEG.c'
' '
'Building file: C:/Users/qubeck/Documents/Development/ProjektyVitis/TangerineZ7Workspace/gfxLib/osAlloc.c'
'Invoking: ARM v7 gcc compiler'
arm-none-eabi-gcc -Wall -O2 -g3 -I"C:\Users\qubeck\Documents\Development\ProjektyVitis\TangerineZ7Workspace\gfxLib" -c -fmessage-length=0 -MT"src/gfxLib/osAlloc.o" -mcpu=cortex-a9 -mfpu=vfpv3 -mfloat-abi=hard -IC:/Users/qubeck/Documents/Development/ProjektyVitis/TangerineZ7Workspace/tangerineZ7_20_wrapper/export/tangerineZ7_20_wrapper/sw/tangerineZ7_20_wrapper/standalone_ps7_cortexa9_0/bspinclude/include -MMD -MP -MF"src/gfxLib/osAlloc.d" -MT"src/gfxLib/osAlloc.o" -o "src/gfxLib/osAlloc.o" "C:/Users/qubeck/Documents/Development/ProjektyVitis/TangerineZ7Workspace/gfxLib/osAlloc.c"
C:/Users/qubeck/Documents/Development/ProjektyVitis/TangerineZ7Workspace/gfxLib/osAlloc.c: In function 'osAllocAddNode':
C:/Users/qubeck/Documents/Development/ProjektyVitis/TangerineZ7Workspace/gfxLib/osAlloc.c:53:9: warning: cast from pointer to integer of different size [-Wpointer-to-int-cast]
   53 |    li = (long long)node->allocStart;
      |         ^
C:/Users/qubeck/Documents/Development/ProjektyVitis/TangerineZ7Workspace/gfxLib/osAlloc.c:63:23: warning: cast to pointer from integer of different size [-Wint-to-pointer-cast]
   63 |    node->allocStart = (void*)li;
      |                       ^
'Finished building: C:/Users/qubeck/Documents/Development/ProjektyVitis/TangerineZ7Workspace/gfxLib/osAlloc.c'
' '
'Building file: C:/Users/qubeck/Documents/Development/ProjektyVitis/TangerineZ7Workspace/gfxLib/osFile.c'
'Invoking: ARM v7 gcc compiler'
arm-none-eabi-gcc -Wall -O2 -g3 -I"C:\Users\qubeck\Documents\Development\ProjektyVitis\TangerineZ7Workspace\gfxLib" -c -fmessage-length=0 -MT"src/gfxLib/osFile.o" -mcpu=cortex-a9 -mfpu=vfpv3 -mfloat-abi=hard -IC:/Users/qubeck/Documents/Development/ProjektyVitis/TangerineZ7Workspace/tangerineZ7_20_wrapper/export/tangerineZ7_20_wrapper/sw/tangerineZ7_20_wrapper/standalone_ps7_cortexa9_0/bspinclude/include -MMD -MP -MF"src/gfxLib/osFile.d" -MT"src/gfxLib/osFile.o" -o "src/gfxLib/osFile.o" "C:/Users/qubeck/Documents/Development/ProjektyVitis/TangerineZ7Workspace/gfxLib/osFile.c"
C:/Users/qubeck/Documents/Development/ProjektyVitis/TangerineZ7Workspace/gfxLib/osFile.c: In function 'osFRead':
C:/Users/qubeck/Documents/Development/ProjektyVitis/TangerineZ7Workspace/gfxLib/osFile.c:120:12: warning: variable 'res' set but not used [-Wunused-but-set-variable]
  120 |    FRESULT res;
      |            ^~~
'Finished building: C:/Users/qubeck/Documents/Development/ProjektyVitis/TangerineZ7Workspace/gfxLib/osFile.c'
' '
'Building file: C:/Users/qubeck/Documents/Development/ProjektyVitis/TangerineZ7Workspace/gfxLib/osSerial.c'
'Invoking: ARM v7 gcc compiler'
arm-none-eabi-gcc -Wall -O2 -g3 -I"C:\Users\qubeck\Documents\Development\ProjektyVitis\TangerineZ7Workspace\gfxLib" -c -fmessage-length=0 -MT"src/gfxLib/osSerial.o" -mcpu=cortex-a9 -mfpu=vfpv3 -mfloat-abi=hard -IC:/Users/qubeck/Documents/Development/ProjektyVitis/TangerineZ7Workspace/tangerineZ7_20_wrapper/export/tangerineZ7_20_wrapper/sw/tangerineZ7_20_wrapper/standalone_ps7_cortexa9_0/bspinclude/include -MMD -MP -MF"src/gfxLib/osSerial.d" -MT"src/gfxLib/osSerial.o" -o "src/gfxLib/osSerial.o" "C:/Users/qubeck/Documents/Development/ProjektyVitis/TangerineZ7Workspace/gfxLib/osSerial.c"
C:/Users/qubeck/Documents/Development/ProjektyVitis/TangerineZ7Workspace/gfxLib/osSerial.c: In function 'osSerialPrint':
C:/Users/qubeck/Documents/Development/ProjektyVitis/TangerineZ7Workspace/gfxLib/osSerial.c:110:11: warning: suggest parentheses around assignment used as truth value [-Wparentheses]
  110 |    while( c = *buf++ )
      |           ^
'Finished building: C:/Users/qubeck/Documents/Development/ProjektyVitis/TangerineZ7Workspace/gfxLib/osSerial.c'
' '
'Building file: C:/Users/qubeck/Documents/Development/ProjektyVitis/TangerineZ7Workspace/gfxLib/osUIEvents.c'
'Invoking: ARM v7 gcc compiler'
arm-none-eabi-gcc -Wall -O2 -g3 -I"C:\Users\qubeck\Documents\Development\ProjektyVitis\TangerineZ7Workspace\gfxLib" -c -fmessage-length=0 -MT"src/gfxLib/osUIEvents.o" -mcpu=cortex-a9 -mfpu=vfpv3 -mfloat-abi=hard -IC:/Users/qubeck/Documents/Development/ProjektyVitis/TangerineZ7Workspace/tangerineZ7_20_wrapper/export/tangerineZ7_20_wrapper/sw/tangerineZ7_20_wrapper/standalone_ps7_cortexa9_0/bspinclude/include -MMD -MP -MF"src/gfxLib/osUIEvents.d" -MT"src/gfxLib/osUIEvents.o" -o "src/gfxLib/osUIEvents.o" "C:/Users/qubeck/Documents/Development/ProjektyVitis/TangerineZ7Workspace/gfxLib/osUIEvents.c"
'Finished building: C:/Users/qubeck/Documents/Development/ProjektyVitis/TangerineZ7Workspace/gfxLib/osUIEvents.c'
' '
'Building file: C:/Users/qubeck/Documents/Development/ProjektyVitis/TangerineZ7Workspace/gfxLib/picojpeg.c'
'Invoking: ARM v7 gcc compiler'
arm-none-eabi-gcc -Wall -O2 -g3 -I"C:\Users\qubeck\Documents\Development\ProjektyVitis\TangerineZ7Workspace\gfxLib" -c -fmessage-length=0 -MT"src/gfxLib/picojpeg.o" -mcpu=cortex-a9 -mfpu=vfpv3 -mfloat-abi=hard -IC:/Users/qubeck/Documents/Development/ProjektyVitis/TangerineZ7Workspace/tangerineZ7_20_wrapper/export/tangerineZ7_20_wrapper/sw/tangerineZ7_20_wrapper/standalone_ps7_cortexa9_0/bspinclude/include -MMD -MP -MF"src/gfxLib/picojpeg.d" -MT"src/gfxLib/picojpeg.o" -o "src/gfxLib/picojpeg.o" "C:/Users/qubeck/Documents/Development/ProjektyVitis/TangerineZ7Workspace/gfxLib/picojpeg.c"
C:/Users/qubeck/Documents/Development/ProjektyVitis/TangerineZ7Workspace/gfxLib/picojpeg.c: In function 'readSOSMarker':
C:/Users/qubeck/Documents/Development/ProjektyVitis/TangerineZ7Workspace/gfxLib/picojpeg.c:685:57: warning: variable 'successive_low' set but not used [-Wunused-but-set-variable]
  685 |    uint8 spectral_start, spectral_end, successive_high, successive_low;
      |                                                         ^~~~~~~~~~~~~~
C:/Users/qubeck/Documents/Development/ProjektyVitis/TangerineZ7Workspace/gfxLib/picojpeg.c:685:40: warning: variable 'successive_high' set but not used [-Wunused-but-set-variable]
  685 |    uint8 spectral_start, spectral_end, successive_high, successive_low;
      |                                        ^~~~~~~~~~~~~~~
C:/Users/qubeck/Documents/Development/ProjektyVitis/TangerineZ7Workspace/gfxLib/picojpeg.c:685:26: warning: variable 'spectral_end' set but not used [-Wunused-but-set-variable]
  685 |    uint8 spectral_start, spectral_end, successive_high, successive_low;
      |                          ^~~~~~~~~~~~
C:/Users/qubeck/Documents/Development/ProjektyVitis/TangerineZ7Workspace/gfxLib/picojpeg.c:685:10: warning: variable 'spectral_start' set but not used [-Wunused-but-set-variable]
  685 |    uint8 spectral_start, spectral_end, successive_high, successive_low;
      |          ^~~~~~~~~~~~~~
C:/Users/qubeck/Documents/Development/ProjektyVitis/TangerineZ7Workspace/gfxLib/picojpeg.c: At top level:
C:/Users/qubeck/Documents/Development/ProjektyVitis/TangerineZ7Workspace/gfxLib/picojpeg.c:1028:14: warning: 'findEOI' defined but not used [-Wunused-function]
 1028 | static uint8 findEOI(void)
      |              ^~~~~~~
'Finished building: C:/Users/qubeck/Documents/Development/ProjektyVitis/TangerineZ7Workspace/gfxLib/picojpeg.c'
' '
'Building file: C:/Users/qubeck/Documents/Development/ProjektyVitis/TangerineZ7Workspace/gfxLib/ps2Host.c'
'Invoking: ARM v7 gcc compiler'
arm-none-eabi-gcc -Wall -O2 -g3 -I"C:\Users\qubeck\Documents\Development\ProjektyVitis\TangerineZ7Workspace\gfxLib" -c -fmessage-length=0 -MT"src/gfxLib/ps2Host.o" -mcpu=cortex-a9 -mfpu=vfpv3 -mfloat-abi=hard -IC:/Users/qubeck/Documents/Development/ProjektyVitis/TangerineZ7Workspace/tangerineZ7_20_wrapper/export/tangerineZ7_20_wrapper/sw/tangerineZ7_20_wrapper/standalone_ps7_cortexa9_0/bspinclude/include -MMD -MP -MF"src/gfxLib/ps2Host.d" -MT"src/gfxLib/ps2Host.o" -o "src/gfxLib/ps2Host.o" "C:/Users/qubeck/Documents/Development/ProjektyVitis/TangerineZ7Workspace/gfxLib/ps2Host.c"
C:/Users/qubeck/Documents/Development/ProjektyVitis/TangerineZ7Workspace/gfxLib/ps2Host.c: In function 'ps2HostSetKeyboardLeds':
C:/Users/qubeck/Documents/Development/ProjektyVitis/TangerineZ7Workspace/gfxLib/ps2Host.c:263:22: warning: variable 'i' set but not used [-Wunused-but-set-variable]
  263 |    volatile uint32_t i;
      |                      ^
'Finished building: C:/Users/qubeck/Documents/Development/ProjektyVitis/TangerineZ7Workspace/gfxLib/ps2Host.c'
' '
'Building file: ../src/fileOperations.c'
'Invoking: ARM v7 gcc compiler'
arm-none-eabi-gcc -Wall -O2 -g3 -I"C:\Users\qubeck\Documents\Development\ProjektyVitis\TangerineZ7Workspace\gfxLib" -c -fmessage-length=0 -MT"src/fileOperations.o" -mcpu=cortex-a9 -mfpu=vfpv3 -mfloat-abi=hard -IC:/Users/qubeck/Documents/Development/ProjektyVitis/TangerineZ7Workspace/tangerineZ7_20_wrapper/export/tangerineZ7_20_wrapper/sw/tangerineZ7_20_wrapper/standalone_ps7_cortexa9_0/bspinclude/include -MMD -MP -MF"src/fileOperations.d" -MT"src/fileOperations.o" -o "src/fileOperations.o" "../src/fileOperations.c"
../src/fileOperations.c: In function 'copyFile':
../src/fileOperations.c:171:17: warning: variable 'fileBufferLength' set but not used [-Wunused-but-set-variable]
  171 |    uint32_t     fileBufferLength;
      |                 ^~~~~~~~~~~~~~~~
../src/fileOperations.c: In function 'renameFile':
../src/fileOperations.c:407:22: warning: 'idx' may be used uninitialized [-Wmaybe-uninitialized]
  407 |                   buf[idx] = 0;
      |                   ~~~^~~~~
../src/fileOperations.c:364:18: note: 'idx' was declared here
  364 |    uint16_t      idx;
      |                  ^~~
../src/fileOperations.c: In function 'downloadFile':
../src/fileOperations.c:729:12: warning: 'j' may be used uninitialized [-Wmaybe-uninitialized]
  729 |          if( i >= j )
      |            ^
../src/fileOperations.c:629:16: note: 'j' was declared here
  629 |    uint32_t    j;
      |                ^
'Finished building: ../src/fileOperations.c'
' '
'Building file: ../src/hxcmod.c'
'Invoking: ARM v7 gcc compiler'
arm-none-eabi-gcc -Wall -O2 -g3 -I"C:\Users\qubeck\Documents\Development\ProjektyVitis\TangerineZ7Workspace\gfxLib" -c -fmessage-length=0 -MT"src/hxcmod.o" -mcpu=cortex-a9 -mfpu=vfpv3 -mfloat-abi=hard -IC:/Users/qubeck/Documents/Development/ProjektyVitis/TangerineZ7Workspace/tangerineZ7_20_wrapper/export/tangerineZ7_20_wrapper/sw/tangerineZ7_20_wrapper/standalone_ps7_cortexa9_0/bspinclude/include -MMD -MP -MF"src/hxcmod.d" -MT"src/hxcmod.o" -o "src/hxcmod.o" "../src/hxcmod.c"
'Finished building: ../src/hxcmod.c'
' '
'Building file: ../src/main.c'
'Invoking: ARM v7 gcc compiler'
arm-none-eabi-gcc -Wall -O2 -g3 -I"C:\Users\qubeck\Documents\Development\ProjektyVitis\TangerineZ7Workspace\gfxLib" -c -fmessage-length=0 -MT"src/main.o" -mcpu=cortex-a9 -mfpu=vfpv3 -mfloat-abi=hard -IC:/Users/qubeck/Documents/Development/ProjektyVitis/TangerineZ7Workspace/tangerineZ7_20_wrapper/export/tangerineZ7_20_wrapper/sw/tangerineZ7_20_wrapper/standalone_ps7_cortexa9_0/bspinclude/include -MMD -MP -MF"src/main.d" -MT"src/main.o" -o "src/main.o" "../src/main.c"
In file included from ../src/main.c:14:
../src/main.c: In function 'viewFont':
../src/main.c:343:57: warning: suggest parentheses around '-' inside '>>' [-Wparentheses]
  343 |                   font.charColor = gfColor( i, 200, 255 - i );
C:\Users\qubeck\Documents\Development\ProjektyVitis\TangerineZ7Workspace\gfxLib/gfDrawing.h:30:53: note: in definition of macro 'gfColor'
   30 | #define gfColor( r, g, b ) ( uint16_t )((((uint16_t)b >> 3) & 31 ) | (((uint16_t)g & 252 ) << 3 ) | (((uint16_t)r & 248 ) << 8 ))
      |                                                     ^
../src/main.c:310:16: warning: unused variable 'fileNameLength' [-Wunused-variable]
  310 |    uint32_t    fileNameLength;
      |                ^~~~~~~~~~~~~~
../src/main.c: In function 'viewHex':
../src/main.c:395:16: warning: unused variable 'x' [-Wunused-variable]
  395 |    uint16_t    x;
      |                ^
../src/main.c: In function 'main':
../src/main.c:578:16: warning: variable 'rv' set but not used [-Wunused-but-set-variable]
  578 |    uint32_t    rv;
      |                ^~
../src/main.c:577:16: warning: unused variable 'i' [-Wunused-variable]
  577 |    int32_t     i;
      |                ^
../src/main.c:940:22: warning: 'strcat' accessing 1 byte at offsets [0, 7208] and [0, 7208] may overlap 1 byte at offset [1, 2147483647] [-Wrestrict]
  940 |                      strcat( selectors[activeSelectorIdx].path, selectors[activeSelectorIdx].selectorFileNames[selectors[activeSelectorIdx].selectorCursorPos] );
      |                      ^~~~~~~~~~~~~~~~~~~~~~~~~~~~~~~~~~~~~~~~~~~~~~~~~~~~~~~~~~~~~~~~~~~~~~~~~~~~~~~~~~~~~~~~~~~~~~~~~~~~~~~~~~~~~~~~~~~~~~~~~~~~~~~~~~~~~~~~~~~
'Finished building: ../src/main.c'
' '
'Building file: ../src/modPlayer.c'
'Invoking: ARM v7 gcc compiler'
arm-none-eabi-gcc -Wall -O2 -g3 -I"C:\Users\qubeck\Documents\Development\ProjektyVitis\TangerineZ7Workspace\gfxLib" -c -fmessage-length=0 -MT"src/modPlayer.o" -mcpu=cortex-a9 -mfpu=vfpv3 -mfloat-abi=hard -IC:/Users/qubeck/Documents/Development/ProjektyVitis/TangerineZ7Workspace/tangerineZ7_20_wrapper/export/tangerineZ7_20_wrapper/sw/tangerineZ7_20_wrapper/standalone_ps7_cortexa9_0/bspinclude/include -MMD -MP -MF"src/modPlayer.d" -MT"src/modPlayer.o" -o "src/modPlayer.o" "../src/modPlayer.c"
../src/modPlayer.c: In function 'mpPlay':
../src/modPlayer.c:80:16: warning: unused variable 'audioDmaStatus' [-Wunused-variable]
   80 |    uint32_t    audioDmaStatus;
      |                ^~~~~~~~~~~~~~
../src/modPlayer.c:76:16: warning: unused variable 'rv' [-Wunused-variable]
   76 |    uint32_t    rv;
      |                ^~
'Finished building: ../src/modPlayer.c'
' '
'Building file: ../src/objViewer.c'
'Invoking: ARM v7 gcc compiler'
arm-none-eabi-gcc -Wall -O2 -g3 -I"C:\Users\qubeck\Documents\Development\ProjektyVitis\TangerineZ7Workspace\gfxLib" -c -fmessage-length=0 -MT"src/objViewer.o" -mcpu=cortex-a9 -mfpu=vfpv3 -mfloat-abi=hard -IC:/Users/qubeck/Documents/Development/ProjektyVitis/TangerineZ7Workspace/tangerineZ7_20_wrapper/export/tangerineZ7_20_wrapper/sw/tangerineZ7_20_wrapper/standalone_ps7_cortexa9_0/bspinclude/include -MMD -MP -MF"src/objViewer.d" -MT"src/objViewer.o" -o "src/objViewer.o" "../src/objViewer.c"
../src/objViewer.c: In function 'objvDisplayObj':
../src/objViewer.c:545:20: warning: unused variable 'triangle' [-Wunused-variable]
  545 |    tgfTriangle3D  *triangle;
      |                    ^~~~~~~~
'Finished building: ../src/objViewer.c'
' '
'Building file: ../src/platform.c'
'Invoking: ARM v7 gcc compiler'
arm-none-eabi-gcc -Wall -O2 -g3 -I"C:\Users\qubeck\Documents\Development\ProjektyVitis\TangerineZ7Workspace\gfxLib" -c -fmessage-length=0 -MT"src/platform.o" -mcpu=cortex-a9 -mfpu=vfpv3 -mfloat-abi=hard -IC:/Users/qubeck/Documents/Development/ProjektyVitis/TangerineZ7Workspace/tangerineZ7_20_wrapper/export/tangerineZ7_20_wrapper/sw/tangerineZ7_20_wrapper/standalone_ps7_cortexa9_0/bspinclude/include -MMD -MP -MF"src/platform.d" -MT"src/platform.o" -o "src/platform.o" "../src/platform.c"
'Finished building: ../src/platform.c'
' '
'Building file: ../src/shellUI.c'
'Invoking: ARM v7 gcc compiler'
arm-none-eabi-gcc -Wall -O2 -g3 -I"C:\Users\qubeck\Documents\Development\ProjektyVitis\TangerineZ7Workspace\gfxLib" -c -fmessage-length=0 -MT"src/shellUI.o" -mcpu=cortex-a9 -mfpu=vfpv3 -mfloat-abi=hard -IC:/Users/qubeck/Documents/Development/ProjektyVitis/TangerineZ7Workspace/tangerineZ7_20_wrapper/export/tangerineZ7_20_wrapper/sw/tangerineZ7_20_wrapper/standalone_ps7_cortexa9_0/bspinclude/include -MMD -MP -MF"src/shellUI.d" -MT"src/shellUI.o" -o "src/shellUI.o" "../src/shellUI.c"
../src/shellUI.c: In function 'uiDrawSelectorWindowContents':
../src/shellUI.c:206:30: warning: format '%d' expects argument of type 'int', but argument 3 has type 'uint32_t' {aka 'long unsigned int'} [-Wformat=]
  206 |             sprintf( buf2, "%d", selector->selectorFileLengths[i] );
      |                             ~^   ~~~~~~~~~~~~~~~~~~~~~~~~~~~~~~~~
      |                              |                                |
      |                              int                              uint32_t {aka long unsigned int}
      |                             %ld
../src/shellUI.c: In function 'uiReadDirAndFillSelectorWindowContents':
../src/shellUI.c:271:10: warning: 'strncpy' output may be truncated copying 128 bytes from a string of length 255 [-Wstringop-truncation]
  271 |          strncpy( selector->selectorFileNames[i], dirItem.name, _MAXFILENAMELENGTH );
      |          ^~~~~~~~~~~~~~~~~~~~~~~~~~~~~~~~~~~~~~~~~~~~~~~~~~~~~~~~~~~~~~~~~~~~~~~~~~~
'Finished building: ../src/shellUI.c'
' '
'Building target: shell.elf'
'Invoking: ARM v7 gcc linker'
arm-none-eabi-gcc -mcpu=cortex-a9 -mfpu=vfpv3 -mfloat-abi=hard -Wl,-build-id=none -specs=Xilinx.spec -Wl,-T -Wl,../src/lscript.ld -LC:/Users/qubeck/Documents/Development/ProjektyVitis/TangerineZ7Workspace/tangerineZ7_20_wrapper/export/tangerineZ7_20_wrapper/sw/tangerineZ7_20_wrapper/standalone_ps7_cortexa9_0/bsplib/lib -o "shell.elf"  ./src/gfxLib/bsp.o ./src/gfxLib/gfAudio.o ./src/gfxLib/gfBitmap.o ./src/gfxLib/gfDrawing.o ./src/gfxLib/gfFont.o ./src/gfxLib/gfGouraud.o ./src/gfxLib/gfJPEG.o ./src/gfxLib/osAlloc.o ./src/gfxLib/osFile.o ./src/gfxLib/osSerial.o ./src/gfxLib/osUIEvents.o ./src/gfxLib/picojpeg.o ./src/gfxLib/ps2Host.o  ./src/fileOperations.o ./src/hxcmod.o ./src/main.o ./src/modPlayer.o ./src/objViewer.o ./src/platform.o ./src/shellUI.o   -lm -Wl,--start-group,-lxil,-lgcc,-lc,--end-group -Wl,--start-group,-lxilffs,-lxil,-lgcc,-lc,--end-group
'Finished building target: shell.elf'
' '
'Invoking: ARM v7 Print Size'
arm-none-eabi-size shell.elf  |tee "shell.elf.size"
   text	   data	    bss	    dec	    hex	filename
 223996	   2636	  43600	 270232	  41f98	shell.elf
'Finished building: shell.elf.size'
' '

18:00:28 Build Finished (took 5s.885ms)

