16:37:50 **** Build of configuration Debug for project tangerineZ7Boot ****
make all 
D:/Xilinx2023.1/Vitis/2023.1/gnuwin/bin/make --no-print-directory pre-build
a9-linaro-pre-build-step
' '
D:/Xilinx2023.1/Vitis/2023.1/gnuwin/bin/make --no-print-directory main-build
'Building file: C:/Users/qubeck/Documents/Development/ProjektyVitis/TangerineZ7Workspace/gfxLib/bsp.c'
'Invoking: ARM v7 gcc compiler'
arm-none-eabi-gcc -Wall -O2 -g3 -I"C:\Users\qubeck\Documents\Development\ProjektyVitis\TangerineZ7Workspace\gfxLib" -c -fmessage-length=0 -MT"src/gfxLib/bsp.o" -mcpu=cortex-a9 -mfpu=vfpv3 -mfloat-abi=hard -IC:/Users/qubeck/Documents/Development/ProjektyVitis/TangerineZ7Workspace/tangerineZ7_20_wrapper/export/tangerineZ7_20_wrapper/sw/tangerineZ7_20_wrapper/standalone_ps7_cortexa9_0/bspinclude/include -MMD -MP -MF"src/gfxLib/bsp.d" -MT"src/gfxLib/bsp.o" -o "src/gfxLib/bsp.o" "C:/Users/qubeck/Documents/Development/ProjektyVitis/TangerineZ7Workspace/gfxLib/bsp.c"
'Finished building: C:/Users/qubeck/Documents/Development/ProjektyVitis/TangerineZ7Workspace/gfxLib/bsp.c'
' '
'Building file: C:/Users/qubeck/Documents/Development/ProjektyVitis/TangerineZ7Workspace/gfxLib/gfAudio.c'
'Invoking: ARM v7 gcc compiler'
arm-none-eabi-gcc -Wall -O2 -g3 -I"C:\Users\qubeck\Documents\Development\ProjektyVitis\TangerineZ7Workspace\gfxLib" -c -fmessage-length=0 -MT"src/gfxLib/gfAudio.o" -mcpu=cortex-a9 -mfpu=vfpv3 -mfloat-abi=hard -IC:/Users/qubeck/Documents/Development/ProjektyVitis/TangerineZ7Workspace/tangerineZ7_20_wrapper/export/tangerineZ7_20_wrapper/sw/tangerineZ7_20_wrapper/standalone_ps7_cortexa9_0/bspinclude/include -MMD -MP -MF"src/gfxLib/gfAudio.d" -MT"src/gfxLib/gfAudio.o" -o "src/gfxLib/gfAudio.o" "C:/Users/qubeck/Documents/Development/ProjektyVitis/TangerineZ7Workspace/gfxLib/gfAudio.c"
'Finished building: C:/Users/qubeck/Documents/Development/ProjektyVitis/TangerineZ7Workspace/gfxLib/gfAudio.c'
' '
'Building file: C:/Users/qubeck/Documents/Development/ProjektyVitis/TangerineZ7Workspace/gfxLib/gfBitmap.c'
'Invoking: ARM v7 gcc compiler'
arm-none-eabi-gcc -Wall -O2 -g3 -I"C:\Users\qubeck\Documents\Development\ProjektyVitis\TangerineZ7Workspace\gfxLib" -c -fmessage-length=0 -MT"src/gfxLib/gfBitmap.o" -mcpu=cortex-a9 -mfpu=vfpv3 -mfloat-abi=hard -IC:/Users/qubeck/Documents/Development/ProjektyVitis/TangerineZ7Workspace/tangerineZ7_20_wrapper/export/tangerineZ7_20_wrapper/sw/tangerineZ7_20_wrapper/standalone_ps7_cortexa9_0/bspinclude/include -MMD -MP -MF"src/gfxLib/gfBitmap.d" -MT"src/gfxLib/gfBitmap.o" -o "src/gfxLib/gfBitmap.o" "C:/Users/qubeck/Documents/Development/ProjektyVitis/TangerineZ7Workspace/gfxLib/gfBitmap.c"
C:/Users/qubeck/Documents/Development/ProjektyVitis/TangerineZ7Workspace/gfxLib/gfBitmap.c: In function 'gfLoadBitmapFS':
C:/Users/qubeck/Documents/Development/ProjektyVitis/TangerineZ7Workspace/gfxLib/gfBitmap.c:114:45: warning: suggest parentheses around arithmetic in operand of '|' [-Wparentheses]
  114 |             bmpBufferUS[ i ] = ( tmp >> 8 ) & 0xff | ( tmp & 0xff ) << 8;
      |                                ~~~~~~~~~~~~~^~~~~~
'Finished building: C:/Users/qubeck/Documents/Development/ProjektyVitis/TangerineZ7Workspace/gfxLib/gfBitmap.c'
' '
'Building file: C:/Users/qubeck/Documents/Development/ProjektyVitis/TangerineZ7Workspace/gfxLib/gfDrawing.c'
'Invoking: ARM v7 gcc compiler'
arm-none-eabi-gcc -Wall -O2 -g3 -I"C:\Users\qubeck\Documents\Development\ProjektyVitis\TangerineZ7Workspace\gfxLib" -c -fmessage-length=0 -MT"src/gfxLib/gfDrawing.o" -mcpu=cortex-a9 -mfpu=vfpv3 -mfloat-abi=hard -IC:/Users/qubeck/Documents/Development/ProjektyVitis/TangerineZ7Workspace/tangerineZ7_20_wrapper/export/tangerineZ7_20_wrapper/sw/tangerineZ7_20_wrapper/standalone_ps7_cortexa9_0/bspinclude/include -MMD -MP -MF"src/gfxLib/gfDrawing.d" -MT"src/gfxLib/gfDrawing.o" -o "src/gfxLib/gfDrawing.o" "C:/Users/qubeck/Documents/Development/ProjektyVitis/TangerineZ7Workspace/gfxLib/gfDrawing.c"
C:/Users/qubeck/Documents/Development/ProjektyVitis/TangerineZ7Workspace/gfxLib/gfDrawing.c: In function 'gfFillRect':
C:/Users/qubeck/Documents/Development/ProjektyVitis/TangerineZ7Workspace/gfxLib/gfDrawing.c:273:16: warning: unused variable 'bh' [-Wunused-variable]
  273 |    int16_t     bh;
      |                ^~
C:/Users/qubeck/Documents/Development/ProjektyVitis/TangerineZ7Workspace/gfxLib/gfDrawing.c:272:16: warning: unused variable 'bw' [-Wunused-variable]
  272 |    int16_t     bw;
      |                ^~
'Finished building: C:/Users/qubeck/Documents/Development/ProjektyVitis/TangerineZ7Workspace/gfxLib/gfDrawing.c'
' '
'Building file: C:/Users/qubeck/Documents/Development/ProjektyVitis/TangerineZ7Workspace/gfxLib/gfFont.c'
'Invoking: ARM v7 gcc compiler'
arm-none-eabi-gcc -Wall -O2 -g3 -I"C:\Users\qubeck\Documents\Development\ProjektyVitis\TangerineZ7Workspace\gfxLib" -c -fmessage-length=0 -MT"src/gfxLib/gfFont.o" -mcpu=cortex-a9 -mfpu=vfpv3 -mfloat-abi=hard -IC:/Users/qubeck/Documents/Development/ProjektyVitis/TangerineZ7Workspace/tangerineZ7_20_wrapper/export/tangerineZ7_20_wrapper/sw/tangerineZ7_20_wrapper/standalone_ps7_cortexa9_0/bspinclude/include -MMD -MP -MF"src/gfxLib/gfFont.d" -MT"src/gfxLib/gfFont.o" -o "src/gfxLib/gfFont.o" "C:/Users/qubeck/Documents/Development/ProjektyVitis/TangerineZ7Workspace/gfxLib/gfFont.c"
C:/Users/qubeck/Documents/Development/ProjektyVitis/TangerineZ7Workspace/gfxLib/gfFont.c: In function 'gfPutChar':
C:/Users/qubeck/Documents/Development/ProjektyVitis/TangerineZ7Workspace/gfxLib/gfFont.c:227:82: warning: array subscript has type 'char' [-Wchar-subscripts]
  227 |                                 for( cx = 0; cx < ( ( uint8_t* )font->charWidths)[ c ] ; cx+=2 )
      |                                                                                  ^
C:/Users/qubeck/Documents/Development/ProjektyVitis/TangerineZ7Workspace/gfxLib/gfFont.c:276:63: warning: array subscript has type 'char' [-Wchar-subscripts]
  276 |                         return ( ( uint8_t* )font->charWidths)[ c ];
      |                                                               ^
C:/Users/qubeck/Documents/Development/ProjektyVitis/TangerineZ7Workspace/gfxLib/gfFont.c: In function 'gfDrawTextOverlay':
C:/Users/qubeck/Documents/Development/ProjektyVitis/TangerineZ7Workspace/gfxLib/gfFont.c:323:20: warning: unused variable 'alphaBackground' [-Wunused-variable]
  323 |         uint8_t    alphaBackground;
      |                    ^~~~~~~~~~~~~~~
'Finished building: C:/Users/qubeck/Documents/Development/ProjektyVitis/TangerineZ7Workspace/gfxLib/gfFont.c'
' '
'Building file: C:/Users/qubeck/Documents/Development/ProjektyVitis/TangerineZ7Workspace/gfxLib/gfGouraud.c'
'Invoking: ARM v7 gcc compiler'
arm-none-eabi-gcc -Wall -O2 -g3 -I"C:\Users\qubeck\Documents\Development\ProjektyVitis\TangerineZ7Workspace\gfxLib" -c -fmessage-length=0 -MT"src/gfxLib/gfGouraud.o" -mcpu=cortex-a9 -mfpu=vfpv3 -mfloat-abi=hard -IC:/Users/qubeck/Documents/Development/ProjektyVitis/TangerineZ7Workspace/tangerineZ7_20_wrapper/export/tangerineZ7_20_wrapper/sw/tangerineZ7_20_wrapper/standalone_ps7_cortexa9_0/bspinclude/include -MMD -MP -MF"src/gfxLib/gfGouraud.d" -MT"src/gfxLib/gfGouraud.o" -o "src/gfxLib/gfGouraud.o" "C:/Users/qubeck/Documents/Development/ProjektyVitis/TangerineZ7Workspace/gfxLib/gfGouraud.c"
'Finished building: C:/Users/qubeck/Documents/Development/ProjektyVitis/TangerineZ7Workspace/gfxLib/gfGouraud.c'
' '
'Building file: C:/Users/qubeck/Documents/Development/ProjektyVitis/TangerineZ7Workspace/gfxLib/gfJPEG.c'
'Invoking: ARM v7 gcc compiler'
arm-none-eabi-gcc -Wall -O2 -g3 -I"C:\Users\qubeck\Documents\Development\ProjektyVitis\TangerineZ7Workspace\gfxLib" -c -fmessage-length=0 -MT"src/gfxLib/gfJPEG.o" -mcpu=cortex-a9 -mfpu=vfpv3 -mfloat-abi=hard -IC:/Users/qubeck/Documents/Development/ProjektyVitis/TangerineZ7Workspace/tangerineZ7_20_wrapper/export/tangerineZ7_20_wrapper/sw/tangerineZ7_20_wrapper/standalone_ps7_cortexa9_0/bspinclude/include -MMD -MP -MF"src/gfxLib/gfJPEG.d" -MT"src/gfxLib/gfJPEG.o" -o "src/gfxLib/gfJPEG.o" "C:/Users/qubeck/Documents/Development/ProjektyVitis/TangerineZ7Workspace/gfxLib/gfJPEG.c"
'Finished building: C:/Users/qubeck/Documents/Development/ProjektyVitis/TangerineZ7Workspace/gfxLib/gfJPEG.c'
' '
'Building file: C:/Users/qubeck/Documents/Development/ProjektyVitis/TangerineZ7Workspace/gfxLib/osAlloc.c'
'Invoking: ARM v7 gcc compiler'
arm-none-eabi-gcc -Wall -O2 -g3 -I"C:\Users\qubeck\Documents\Development\ProjektyVitis\TangerineZ7Workspace\gfxLib" -c -fmessage-length=0 -MT"src/gfxLib/osAlloc.o" -mcpu=cortex-a9 -mfpu=vfpv3 -mfloat-abi=hard -IC:/Users/qubeck/Documents/Development/ProjektyVitis/TangerineZ7Workspace/tangerineZ7_20_wrapper/export/tangerineZ7_20_wrapper/sw/tangerineZ7_20_wrapper/standalone_ps7_cortexa9_0/bspinclude/include -MMD -MP -MF"src/gfxLib/osAlloc.d" -MT"src/gfxLib/osAlloc.o" -o "src/gfxLib/osAlloc.o" "C:/Users/qubeck/Documents/Development/ProjektyVitis/TangerineZ7Workspace/gfxLib/osAlloc.c"
C:/Users/qubeck/Documents/Development/ProjektyVitis/TangerineZ7Workspace/gfxLib/osAlloc.c: In function 'osAllocAddNode':
C:/Users/qubeck/Documents/Development/ProjektyVitis/TangerineZ7Workspace/gfxLib/osAlloc.c:53:9: warning: cast from pointer to integer of different size [-Wpointer-to-int-cast]
   53 |    li = (long long)node->allocStart;
      |         ^
C:/Users/qubeck/Documents/Development/ProjektyVitis/TangerineZ7Workspace/gfxLib/osAlloc.c:63:23: warning: cast to pointer from integer of different size [-Wint-to-pointer-cast]
   63 |    node->allocStart = (void*)li;
      |                       ^
'Finished building: C:/Users/qubeck/Documents/Development/ProjektyVitis/TangerineZ7Workspace/gfxLib/osAlloc.c'
' '
'Building file: C:/Users/qubeck/Documents/Development/ProjektyVitis/TangerineZ7Workspace/gfxLib/osFile.c'
'Invoking: ARM v7 gcc compiler'
arm-none-eabi-gcc -Wall -O2 -g3 -I"C:\Users\qubeck\Documents\Development\ProjektyVitis\TangerineZ7Workspace\gfxLib" -c -fmessage-length=0 -MT"src/gfxLib/osFile.o" -mcpu=cortex-a9 -mfpu=vfpv3 -mfloat-abi=hard -IC:/Users/qubeck/Documents/Development/ProjektyVitis/TangerineZ7Workspace/tangerineZ7_20_wrapper/export/tangerineZ7_20_wrapper/sw/tangerineZ7_20_wrapper/standalone_ps7_cortexa9_0/bspinclude/include -MMD -MP -MF"src/gfxLib/osFile.d" -MT"src/gfxLib/osFile.o" -o "src/gfxLib/osFile.o" "C:/Users/qubeck/Documents/Development/ProjektyVitis/TangerineZ7Workspace/gfxLib/osFile.c"
C:/Users/qubeck/Documents/Development/ProjektyVitis/TangerineZ7Workspace/gfxLib/osFile.c: In function 'osFRead':
C:/Users/qubeck/Documents/Development/ProjektyVitis/TangerineZ7Workspace/gfxLib/osFile.c:120:12: warning: variable 'res' set but not used [-Wunused-but-set-variable]
  120 |    FRESULT res;
      |            ^~~
'Finished building: C:/Users/qubeck/Documents/Development/ProjektyVitis/TangerineZ7Workspace/gfxLib/osFile.c'
' '
'Building file: C:/Users/qubeck/Documents/Development/ProjektyVitis/TangerineZ7Workspace/gfxLib/osSerial.c'
'Invoking: ARM v7 gcc compiler'
arm-none-eabi-gcc -Wall -O2 -g3 -I"C:\Users\qubeck\Documents\Development\ProjektyVitis\TangerineZ7Workspace\gfxLib" -c -fmessage-length=0 -MT"src/gfxLib/osSerial.o" -mcpu=cortex-a9 -mfpu=vfpv3 -mfloat-abi=hard -IC:/Users/qubeck/Documents/Development/ProjektyVitis/TangerineZ7Workspace/tangerineZ7_20_wrapper/export/tangerineZ7_20_wrapper/sw/tangerineZ7_20_wrapper/standalone_ps7_cortexa9_0/bspinclude/include -MMD -MP -MF"src/gfxLib/osSerial.d" -MT"src/gfxLib/osSerial.o" -o "src/gfxLib/osSerial.o" "C:/Users/qubeck/Documents/Development/ProjektyVitis/TangerineZ7Workspace/gfxLib/osSerial.c"
C:/Users/qubeck/Documents/Development/ProjektyVitis/TangerineZ7Workspace/gfxLib/osSerial.c: In function 'osSerialPrint':
C:/Users/qubeck/Documents/Development/ProjektyVitis/TangerineZ7Workspace/gfxLib/osSerial.c:110:11: warning: suggest parentheses around assignment used as truth value [-Wparentheses]
  110 |    while( c = *buf++ )
      |           ^
'Finished building: C:/Users/qubeck/Documents/Development/ProjektyVitis/TangerineZ7Workspace/gfxLib/osSerial.c'
' '
'Building file: C:/Users/qubeck/Documents/Development/ProjektyVitis/TangerineZ7Workspace/gfxLib/osUIEvents.c'
'Invoking: ARM v7 gcc compiler'
arm-none-eabi-gcc -Wall -O2 -g3 -I"C:\Users\qubeck\Documents\Development\ProjektyVitis\TangerineZ7Workspace\gfxLib" -c -fmessage-length=0 -MT"src/gfxLib/osUIEvents.o" -mcpu=cortex-a9 -mfpu=vfpv3 -mfloat-abi=hard -IC:/Users/qubeck/Documents/Development/ProjektyVitis/TangerineZ7Workspace/tangerineZ7_20_wrapper/export/tangerineZ7_20_wrapper/sw/tangerineZ7_20_wrapper/standalone_ps7_cortexa9_0/bspinclude/include -MMD -MP -MF"src/gfxLib/osUIEvents.d" -MT"src/gfxLib/osUIEvents.o" -o "src/gfxLib/osUIEvents.o" "C:/Users/qubeck/Documents/Development/ProjektyVitis/TangerineZ7Workspace/gfxLib/osUIEvents.c"
'Finished building: C:/Users/qubeck/Documents/Development/ProjektyVitis/TangerineZ7Workspace/gfxLib/osUIEvents.c'
' '
'Building file: C:/Users/qubeck/Documents/Development/ProjektyVitis/TangerineZ7Workspace/gfxLib/picojpeg.c'
'Invoking: ARM v7 gcc compiler'
arm-none-eabi-gcc -Wall -O2 -g3 -I"C:\Users\qubeck\Documents\Development\ProjektyVitis\TangerineZ7Workspace\gfxLib" -c -fmessage-length=0 -MT"src/gfxLib/picojpeg.o" -mcpu=cortex-a9 -mfpu=vfpv3 -mfloat-abi=hard -IC:/Users/qubeck/Documents/Development/ProjektyVitis/TangerineZ7Workspace/tangerineZ7_20_wrapper/export/tangerineZ7_20_wrapper/sw/tangerineZ7_20_wrapper/standalone_ps7_cortexa9_0/bspinclude/include -MMD -MP -MF"src/gfxLib/picojpeg.d" -MT"src/gfxLib/picojpeg.o" -o "src/gfxLib/picojpeg.o" "C:/Users/qubeck/Documents/Development/ProjektyVitis/TangerineZ7Workspace/gfxLib/picojpeg.c"
C:/Users/qubeck/Documents/Development/ProjektyVitis/TangerineZ7Workspace/gfxLib/picojpeg.c: In function 'readSOSMarker':
C:/Users/qubeck/Documents/Development/ProjektyVitis/TangerineZ7Workspace/gfxLib/picojpeg.c:685:57: warning: variable 'successive_low' set but not used [-Wunused-but-set-variable]
  685 |    uint8 spectral_start, spectral_end, successive_high, successive_low;
      |                                                         ^~~~~~~~~~~~~~
C:/Users/qubeck/Documents/Development/ProjektyVitis/TangerineZ7Workspace/gfxLib/picojpeg.c:685:40: warning: variable 'successive_high' set but not used [-Wunused-but-set-variable]
  685 |    uint8 spectral_start, spectral_end, successive_high, successive_low;
      |                                        ^~~~~~~~~~~~~~~
C:/Users/qubeck/Documents/Development/ProjektyVitis/TangerineZ7Workspace/gfxLib/picojpeg.c:685:26: warning: variable 'spectral_end' set but not used [-Wunused-but-set-variable]
  685 |    uint8 spectral_start, spectral_end, successive_high, successive_low;
      |                          ^~~~~~~~~~~~
C:/Users/qubeck/Documents/Development/ProjektyVitis/TangerineZ7Workspace/gfxLib/picojpeg.c:685:10: warning: variable 'spectral_start' set but not used [-Wunused-but-set-variable]
  685 |    uint8 spectral_start, spectral_end, successive_high, successive_low;
      |          ^~~~~~~~~~~~~~
C:/Users/qubeck/Documents/Development/ProjektyVitis/TangerineZ7Workspace/gfxLib/picojpeg.c: At top level:
C:/Users/qubeck/Documents/Development/ProjektyVitis/TangerineZ7Workspace/gfxLib/picojpeg.c:1028:14: warning: 'findEOI' defined but not used [-Wunused-function]
 1028 | static uint8 findEOI(void)
      |              ^~~~~~~
'Finished building: C:/Users/qubeck/Documents/Development/ProjektyVitis/TangerineZ7Workspace/gfxLib/picojpeg.c'
' '
'Building file: C:/Users/qubeck/Documents/Development/ProjektyVitis/TangerineZ7Workspace/gfxLib/ps2Host.c'
'Invoking: ARM v7 gcc compiler'
arm-none-eabi-gcc -Wall -O2 -g3 -I"C:\Users\qubeck\Documents\Development\ProjektyVitis\TangerineZ7Workspace\gfxLib" -c -fmessage-length=0 -MT"src/gfxLib/ps2Host.o" -mcpu=cortex-a9 -mfpu=vfpv3 -mfloat-abi=hard -IC:/Users/qubeck/Documents/Development/ProjektyVitis/TangerineZ7Workspace/tangerineZ7_20_wrapper/export/tangerineZ7_20_wrapper/sw/tangerineZ7_20_wrapper/standalone_ps7_cortexa9_0/bspinclude/include -MMD -MP -MF"src/gfxLib/ps2Host.d" -MT"src/gfxLib/ps2Host.o" -o "src/gfxLib/ps2Host.o" "C:/Users/qubeck/Documents/Development/ProjektyVitis/TangerineZ7Workspace/gfxLib/ps2Host.c"
'Finished building: C:/Users/qubeck/Documents/Development/ProjektyVitis/TangerineZ7Workspace/gfxLib/ps2Host.c'
' '
'Building file: ../src/main.c'
'Invoking: ARM v7 gcc compiler'
arm-none-eabi-gcc -Wall -O2 -g3 -I"C:\Users\qubeck\Documents\Development\ProjektyVitis\TangerineZ7Workspace\gfxLib" -c -fmessage-length=0 -MT"src/main.o" -mcpu=cortex-a9 -mfpu=vfpv3 -mfloat-abi=hard -IC:/Users/qubeck/Documents/Development/ProjektyVitis/TangerineZ7Workspace/tangerineZ7_20_wrapper/export/tangerineZ7_20_wrapper/sw/tangerineZ7_20_wrapper/standalone_ps7_cortexa9_0/bspinclude/include -MMD -MP -MF"src/main.d" -MT"src/main.o" -o "src/main.o" "../src/main.c"
../src/main.c: In function 'getNumEntries':
../src/main.c:108:15: warning: format '%d' expects argument of type 'int', but argument 2 has type 'uint32_t' {aka 'long unsigned int'} [-Wformat=]
  108 |     printf( "%d entries\n", numEntries );
      |              ~^             ~~~~~~~~~~
      |               |             |
      |               int           uint32_t {aka long unsigned int}
      |              %ld
../src/main.c: In function 'getEntry':
../src/main.c:116:14: warning: variable 'rv' set but not used [-Wunused-but-set-variable]
  116 |     uint32_t rv;
      |              ^~
../src/main.c: In function 'slideshow':
../src/main.c:144:21: warning: unused variable 'rv' [-Wunused-variable]
  144 |     uint32_t        rv;
      |                     ^~
../src/main.c: In function 'main':
../src/main.c:338:24: warning: format '%c' expects argument of type 'int', but argument 2 has type 'uint32_t' {aka 'long unsigned int'} [-Wformat=]
  338 |              printf( "%c", event.arg1 );
      |                       ~^   ~~~~~~~~~~
      |                        |        |
      |                        int      uint32_t {aka long unsigned int}
      |                       %ld
../src/main.c:298:19: warning: unused variable 'sample' [-Wunused-variable]
  298 |    int32_t        sample;
      |                   ^~~~~~
../src/main.c:295:23: warning: variable 'i' set but not used [-Wunused-but-set-variable]
  295 |    uint32_t           i;
      |                       ^
'Finished building: ../src/main.c'
' '
'Building file: ../src/platform.c'
'Invoking: ARM v7 gcc compiler'
arm-none-eabi-gcc -Wall -O2 -g3 -I"C:\Users\qubeck\Documents\Development\ProjektyVitis\TangerineZ7Workspace\gfxLib" -c -fmessage-length=0 -MT"src/platform.o" -mcpu=cortex-a9 -mfpu=vfpv3 -mfloat-abi=hard -IC:/Users/qubeck/Documents/Development/ProjektyVitis/TangerineZ7Workspace/tangerineZ7_20_wrapper/export/tangerineZ7_20_wrapper/sw/tangerineZ7_20_wrapper/standalone_ps7_cortexa9_0/bspinclude/include -MMD -MP -MF"src/platform.d" -MT"src/platform.o" -o "src/platform.o" "../src/platform.c"
'Finished building: ../src/platform.c'
' '
'Building target: tangerineZ7Boot.elf'
'Invoking: ARM v7 gcc linker'
arm-none-eabi-gcc -mcpu=cortex-a9 -mfpu=vfpv3 -mfloat-abi=hard -Wl,-build-id=none -specs=Xilinx.spec -Wl,-T -Wl,../src/lscript.ld -LC:/Users/qubeck/Documents/Development/ProjektyVitis/TangerineZ7Workspace/tangerineZ7_20_wrapper/export/tangerineZ7_20_wrapper/sw/tangerineZ7_20_wrapper/standalone_ps7_cortexa9_0/bsplib/lib -o "tangerineZ7Boot.elf"  ./src/gfxLib/bsp.o ./src/gfxLib/gfAudio.o ./src/gfxLib/gfBitmap.o ./src/gfxLib/gfDrawing.o ./src/gfxLib/gfFont.o ./src/gfxLib/gfGouraud.o ./src/gfxLib/gfJPEG.o ./src/gfxLib/osAlloc.o ./src/gfxLib/osFile.o ./src/gfxLib/osSerial.o ./src/gfxLib/osUIEvents.o ./src/gfxLib/picojpeg.o ./src/gfxLib/ps2Host.o  ./src/main.o ./src/platform.o   -lm -Wl,--start-group,-lxil,-lgcc,-lc,--end-group -Wl,--start-group,-lxilffs,-lxil,-lgcc,-lc,--end-group -Wl,--start-group,-lxiltimer,-lxil,-lgcc,-lc,--end-group
'Finished building target: tangerineZ7Boot.elf'
' '
'Invoking: ARM v7 Print Size'
arm-none-eabi-size tangerineZ7Boot.elf  |tee "tangerineZ7Boot.elf.size"
   text	   data	    bss	    dec	    hex	filename
 189952	   3424	  30272	 223648	  369a0	tangerineZ7Boot.elf
'Finished building: tangerineZ7Boot.elf.size'
' '

16:38:02 Build Finished (took 11s.944ms)

