17:32:42 **** Incremental Build of configuration Debug for project tinyRaytracer ****
make all 
D:/Xilinx2023.1/Vitis/2023.1/gnuwin/bin/make --no-print-directory pre-build
a9-linaro-pre-build-step
' '
D:/Xilinx2023.1/Vitis/2023.1/gnuwin/bin/make --no-print-directory main-build
'Building file: ../src/main.c'
'Invoking: ARM v7 gcc compiler'
arm-none-eabi-gcc -Wall -O2 -g3 -I"C:\Users\qubeck\Documents\Development\ProjektyVitis\TangerineZ7Workspace\gfxLib" -c -fmessage-length=0 -MT"src/main.o" -mcpu=cortex-a9 -mfpu=vfpv3 -mfloat-abi=hard -IC:/Users/qubeck/Documents/Development/ProjektyVitis/TangerineZ7Workspace/tangerineZ7_20_wrapper/export/tangerineZ7_20_wrapper/sw/tangerineZ7_20_wrapper/standalone_ps7_cortexa9_0/bspinclude/include -MMD -MP -MF"src/main.d" -MT"src/main.o" -o "src/main.o" "../src/main.c"
../src/main.c: In function 'intersectPlane':
../src/main.c:149:76: warning: suggest parentheses around arithmetic in operand of '^' [-Wparentheses]
  149 |     h->c = s2v(to_fixed( (((h->p.x>>(FP-3)) + g_time) ^ ((h->p.z>>(FP-3))) + g_time) &255));
      |                                                         ~~~~~~~~~~~~~~~~~~~^~~~~~~~
../src/main.c: In function 'main':
../src/main.c:291:19: warning: unused variable 'j' [-Wunused-variable]
  291 |    volatile int   j;
      |                   ^
../src/main.c:290:19: warning: unused variable 'rv' [-Wunused-variable]
  290 |    int            rv;
      |                   ^~
'Finished building: ../src/main.c'
' '
'Building target: tinyRaytracer.elf'
'Invoking: ARM v7 gcc linker'
arm-none-eabi-gcc -mcpu=cortex-a9 -mfpu=vfpv3 -mfloat-abi=hard -Wl,-build-id=none -specs=Xilinx.spec -Wl,-T -Wl,../src/lscript.ld -LC:/Users/qubeck/Documents/Development/ProjektyVitis/TangerineZ7Workspace/tangerineZ7_20_wrapper/export/tangerineZ7_20_wrapper/sw/tangerineZ7_20_wrapper/standalone_ps7_cortexa9_0/bsplib/lib -o "tinyRaytracer.elf"  ./src/gfxLib/bsp.o ./src/gfxLib/gfAudio.o ./src/gfxLib/gfBitmap.o ./src/gfxLib/gfDrawing.o ./src/gfxLib/gfFont.o ./src/gfxLib/gfGouraud.o ./src/gfxLib/gfJPEG.o ./src/gfxLib/osAlloc.o ./src/gfxLib/osFile.o ./src/gfxLib/osSerial.o ./src/gfxLib/osUIEvents.o ./src/gfxLib/picojpeg.o ./src/gfxLib/ps2Host.o  ./src/main.o ./src/platform.o   -lm -Wl,--start-group,-lxil,-lgcc,-lc,--end-group -Wl,--start-group,-lxilffs,-lxil,-lgcc,-lc,--end-group
'Finished building target: tinyRaytracer.elf'
' '
'Invoking: ARM v7 Print Size'
arm-none-eabi-size tinyRaytracer.elf  |tee "tinyRaytracer.elf.size"
   text	   data	    bss	    dec	    hex	filename
 174672	   2276	  29456	 206404	  32644	tinyRaytracer.elf
'Finished building: tinyRaytracer.elf.size'
' '

17:32:42 Build Finished (took 915ms)

